BL51 BANKED LINKER/LOCATER V6.22                                                        11/25/2020  20:13:27  PAGE 1


BL51 BANKED LINKER/LOCATER V6.22, INVOKED BY:
C:\KEIL_V5\C51\BIN\BL51.EXE .\Objects\main.obj, .\Objects\KEYSCAN.obj, .\Objects\TM1640.obj, .\Objects\uart.obj, .\Objec
>> ts\delay.obj, .\Objects\printf.obj, .\Objects\key.obj, .\Objects\SMG.obj, .\Objects\eeprom.obj, .\Objects\addProcessT
>> ask.obj, .\Objects\myFlash.obj, .\Objects\CRC.obj, .\Objects\spi.obj, .\Objects\interface.obj, .\Objects\List4_Malloc
>> .obj TO .\Objects\main PRINT (.\Listings\main.m51) RAMSIZE (256) CODE (0X0000-0XFFF8)


MEMORY MODEL: LARGE WITH FLOATING POINT ARITHMETIC


INPUT MODULES INCLUDED:
  .\Objects\main.obj (MAIN)
  .\Objects\KEYSCAN.obj (KEYSCAN)
  .\Objects\TM1640.obj (TM1640)
  .\Objects\uart.obj (UART)
  .\Objects\delay.obj (DELAY)
  .\Objects\printf.obj (PRINTF)
  .\Objects\key.obj (KEY)
  .\Objects\SMG.obj (SMG)
  .\Objects\eeprom.obj (EEPROM)
  .\Objects\addProcessTask.obj (ADDPROCESSTASK)
  .\Objects\myFlash.obj (MYFLASH)
  .\Objects\CRC.obj (CRC)
  .\Objects\spi.obj (SPI)
  .\Objects\interface.obj (INTERFACE)
  .\Objects\List4_Malloc.obj (LIST4_MALLOC)
  C:\KEIL_V5\C51\LIB\C51FPL.LIB (?C?FPADD)
  C:\KEIL_V5\C51\LIB\C51FPL.LIB (?C?FPMUL)
  C:\KEIL_V5\C51\LIB\C51FPL.LIB (?C?FPDIV)
  C:\KEIL_V5\C51\LIB\C51FPL.LIB (?C?FPCMP)
  C:\KEIL_V5\C51\LIB\C51FPL.LIB (?C?FCAST)
  C:\KEIL_V5\C51\LIB\C51FPL.LIB (?C?CASTF)
  C:\KEIL_V5\C51\LIB\C51FPL.LIB (?C?FPGETOPN)
  C:\KEIL_V5\C51\LIB\C51L.LIB (?C_STARTUP)
  C:\KEIL_V5\C51\LIB\C51L.LIB (?C?COPY)
  C:\KEIL_V5\C51\LIB\C51L.LIB (?C?CLDPTR)
  C:\KEIL_V5\C51\LIB\C51L.LIB (?C?CLDOPTR)
  C:\KEIL_V5\C51\LIB\C51L.LIB (?C?CSTPTR)
  C:\KEIL_V5\C51\LIB\C51L.LIB (?C?CSTOPTR)
  C:\KEIL_V5\C51\LIB\C51L.LIB (?C?UIDIV)
  C:\KEIL_V5\C51\LIB\C51L.LIB (?C?SIDIV)
  C:\KEIL_V5\C51\LIB\C51L.LIB (?C?IILDX)
  C:\KEIL_V5\C51\LIB\C51L.LIB (?C?ILDIX)
  C:\KEIL_V5\C51\LIB\C51L.LIB (?C?ILDPTR)
  C:\KEIL_V5\C51\LIB\C51L.LIB (?C?ILDOPTR)
  C:\KEIL_V5\C51\LIB\C51L.LIB (?C?IILDPTR)
  C:\KEIL_V5\C51\LIB\C51L.LIB (?C?ISTPTR)
  C:\KEIL_V5\C51\LIB\C51L.LIB (?C?ISTOPTR)
  C:\KEIL_V5\C51\LIB\C51L.LIB (?C?LMUL)
  C:\KEIL_V5\C51\LIB\C51L.LIB (?C?ULDIV)
  C:\KEIL_V5\C51\LIB\C51L.LIB (?C?LNEG)
  C:\KEIL_V5\C51\LIB\C51L.LIB (?C?ULCMP)
  C:\KEIL_V5\C51\LIB\C51L.LIB (?C?ULSHR)
  C:\KEIL_V5\C51\LIB\C51L.LIB (?C?LLDPTR)
  C:\KEIL_V5\C51\LIB\C51L.LIB (?C?LLDOPTR)
  C:\KEIL_V5\C51\LIB\C51L.LIB (?C?LSTPTR)
  C:\KEIL_V5\C51\LIB\C51L.LIB (?C?LSTOPTR)
  C:\KEIL_V5\C51\LIB\C51L.LIB (?C?LLDOPTR0)
BL51 BANKED LINKER/LOCATER V6.22                                                      11/25/2020  20:13:27  PAGE 2


  C:\KEIL_V5\C51\LIB\C51L.LIB (?C?LSTXDATA)
  C:\KEIL_V5\C51\LIB\C51L.LIB (?C?LSTKXDATA)
  C:\KEIL_V5\C51\LIB\C51L.LIB (?C?LSTKPTR)
  C:\KEIL_V5\C51\LIB\C51L.LIB (?C?LSTKOPTR)
  C:\KEIL_V5\C51\LIB\C51L.LIB (?C?PLDPTR)
  C:\KEIL_V5\C51\LIB\C51L.LIB (?C?PSTPTR)
  C:\KEIL_V5\C51\LIB\C51L.LIB (?C?PLDOPTR)
  C:\KEIL_V5\C51\LIB\C51L.LIB (?C?PSTOPTR)
  C:\KEIL_V5\C51\LIB\C51L.LIB (?C?ICASE)
  C:\KEIL_V5\C51\LIB\C51L.LIB (?C?ICALL)
  C:\KEIL_V5\C51\LIB\C51L.LIB (?C_INIT)
  C:\KEIL_V5\C51\LIB\C51L.LIB (?C?LLDIDATA)
  C:\KEIL_V5\C51\LIB\C51L.LIB (?C?LLDXDATA)
  C:\KEIL_V5\C51\LIB\C51L.LIB (?C?LLDPDATA)
  C:\KEIL_V5\C51\LIB\C51L.LIB (?C?LLDCODE)
  C:\KEIL_V5\C51\LIB\C51L.LIB (?C?LLDIDATA0)
  C:\KEIL_V5\C51\LIB\C51L.LIB (?C?LLDXDATA0)
  C:\KEIL_V5\C51\LIB\C51L.LIB (?C?LLDPDATA0)
  C:\KEIL_V5\C51\LIB\C51L.LIB (?C?LLDCODE0)
  C:\KEIL_V5\C51\LIB\C51L.LIB (?C?LSTIDATA)
  C:\KEIL_V5\C51\LIB\C51L.LIB (?C?LSTPDATA)
  C:\KEIL_V5\C51\LIB\C51L.LIB (?C?LSTKIDATA)
  C:\KEIL_V5\C51\LIB\C51L.LIB (?C?LSTKPDATA)
  C:\KEIL_V5\C51\LIB\C51L.LIB (?C?PLDIDATA)
  C:\KEIL_V5\C51\LIB\C51L.LIB (?C?PSTIDATA)
  C:\KEIL_V5\C51\LIB\C51L.LIB (?C?PLDXDATA)
  C:\KEIL_V5\C51\LIB\C51L.LIB (?C?PSTXDATA)
  C:\KEIL_V5\C51\LIB\C51L.LIB (?C?PLDPDATA)
  C:\KEIL_V5\C51\LIB\C51L.LIB (?C?PSTPDATA)
  C:\KEIL_V5\C51\LIB\C51L.LIB (?C?PLDCODE)


LINK MAP OF MODULE:  .\Objects\main (MAIN)


            TYPE    BASE      LENGTH    RELOCATION   SEGMENT NAME
            -----------------------------------------------------

            * * * * * * *   D A T A   M E M O R Y   * * * * * * *
            REG     0000H     0008H     ABSOLUTE     "REG BANK 0"
                    0008H     0018H                  *** GAP ***
            BIT     0020H.0   0000H.3   UNIT         ?BI?MAIN
            BIT     0020H.3   0000H.1   UNIT         ?BI?UART
            BIT     0020H.4   0000H.1   UNIT         ?BI?SPI
                    0020H.5   0000H.3                *** GAP ***
            IDATA   0021H     0001H     UNIT         ?STACK

            * * * * * * *  X D A T A   M E M O R Y  * * * * * * *
            XDATA   0000H     0211H     UNIT         ?XD?LIST4_MALLOC
            XDATA   0211H     00BCH     UNIT         ?XD?SPI
            XDATA   02CDH     009DH     UNIT         _XDATA_GROUP_
            XDATA   036AH     0067H     UNIT         ?XD?INTERFACE
            XDATA   03D1H     005AH     UNIT         ?XD?ADDPROCESSTASK
            XDATA   042BH     001CH     UNIT         ?XD?SMG
            XDATA   0447H     0014H     UNIT         ?XD?MAIN
            XDATA   045BH     0003H     UNIT         ?XD?KEYSCAN
            XDATA   045EH     0002H     UNIT         ?XD?_TWINKLE_SMG?INTERFACE
BL51 BANKED LINKER/LOCATER V6.22                                                      11/25/2020  20:13:27  PAGE 3


            XDATA   0460H     0001H     UNIT         ?XD?KEY

            * * * * * * *   C O D E   M E M O R Y   * * * * * * *
            CODE    0000H     0003H     ABSOLUTE     
            CODE    0003H     0008H     UNIT         ?PR?UARTSTARTIT?UART
            CODE    000BH     0003H     ABSOLUTE     
            CODE    000EH     0014H     UNIT         ?PR?_DELAY_MS?DELAY
            CODE    0022H     0001H     UNIT         ?PR?KEY_GPIO_INIT?KEYSCAN
            CODE    0023H     0003H     ABSOLUTE     
            CODE    0026H     0023H     UNIT         ?CO?LIST4_MALLOC
                    0049H     0002H                  *** GAP ***
            CODE    004BH     0003H     ABSOLUTE     
            CODE    004EH     0043H     UNIT         ?PR?SPI_INIT?SPI
            CODE    0091H     000AH     UNIT         ?PR?INITTIMER3?SPI
            CODE    009BH     0003H     ABSOLUTE     
            CODE    009EH     0B81H     UNIT         ?C?LIB_CODE
            CODE    0C1FH     05C2H     UNIT         ?PR?_LIST4_FREE?LIST4_MALLOC
            CODE    11E1H     0422H     UNIT         ?C_INITSEG
            CODE    1603H     0400H     UNIT         ?CO?CRC
            CODE    1A03H     03AEH     UNIT         ?PR?_DOUBLETOSTRINGSAVEZHENG?PRINTF
            CODE    1DB1H     0361H     UNIT         ?PR?_LIST4_MALLOC?LIST4_MALLOC
            CODE    2112H     0344H     UNIT         ?PR?_FLASH_WRITE?MYFLASH
            CODE    2456H     02F1H     UNIT         ?PR?SPI_COMMPROCESS?SPI
            CODE    2747H     02BEH     UNIT         ?PR?_LIST4_INSERTBLOCK?LIST4_MALLOC
            CODE    2A05H     0231H     UNIT         ?PR?_FLASH_READ?MYFLASH
            CODE    2C36H     01DBH     UNIT         ?PR?_KEY_SCAN?KEY
            CODE    2E11H     01C6H     UNIT         ?PR?_MYMEMCPY?MYFLASH
            CODE    2FD7H     0180H     UNIT         ?PR?_PRINTF?PRINTF
            CODE    3157H     0174H     UNIT         ?PR?KEYSCAN?KEYSCAN
            CODE    32CBH     0152H     UNIT         ?PR?MAIN?MAIN
            CODE    341DH     0138H     UNIT         ?PR?_CLEARMALLOC?LIST4_MALLOC
            CODE    3555H     0130H     UNIT         ?PR?_PRO_KEYFUN?INTERFACE
            CODE    3685H     011AH     UNIT         ?PR?SPI_INTPROCESS?SPI
            CODE    379FH     010EH     UNIT         ?PR?_INT2HEXSTR?PRINTF
            CODE    38ADH     00F0H     UNIT         ?PR?_EEPROM_WRITE_N?EEPROM
            CODE    399DH     00EEH     UNIT         ?PR?_SPI_WRTRIGTX?SPI
            CODE    3A8BH     00D0H     UNIT         ?PR?_MAIN_KEYFUN?INTERFACE
            CODE    3B5BH     00CFH     UNIT         ?PR?_LIST4_MALLOC_INIT?LIST4_MALLOC
            CODE    3C2AH     00AAH     UNIT         ?PR?TIMER0?MAIN
            CODE    3CD4H     009BH     UNIT         ?PR?_CLOSE_KEYFUN?INTERFACE
            CODE    3D6FH     0095H     UNIT         ?PR?_TIME_SHOW?SMG
            CODE    3E04H     008CH     UNIT         ?C_C51STARTUP
            CODE    3E90H     007DH     UNIT         ?PR?_STEAM_SHOW?SMG
            CODE    3F0DH     0077H     UNIT         ?CO?ADDPROCESSTASK
            CODE    3F84H     0075H     UNIT         ?PR?_TWINKLE_SMG?INTERFACE
            CODE    3FF9H     0073H     UNIT         ?PR?_SPI_RDTRIGTX?SPI
            CODE    406CH     0070H     UNIT         ?PR?_TEMP_SHOW?SMG
            CODE    40DCH     0070H     UNIT         ?CO?INTERFACE
            CODE    414CH     006EH     UNIT         ?PR?GROUPDATINIT?ADDPROCESSTASK
            CODE    41BAH     0069H     UNIT         ?PR?_TM1640_ATOSHOW?TM1640
            CODE    4223H     0069H     UNIT         ?PR?_CRC16_2?CRC
            CODE    428CH     0063H     UNIT         ?PR?_FUN_KEYFUN?ADDPROCESSTASK
            CODE    42EFH     0062H     UNIT         ?PR?FUN_SHOWFUN?ADDPROCESSTASK
            CODE    4351H     005EH     UNIT         ?PR?_FINDDAT?PRINTF
            CODE    43AFH     005DH     UNIT         ?PR?TWINKLEPROLED_FUN?INTERFACE
            CODE    440CH     0059H     UNIT         ?PR?FUN_KEYFUNADD?ADDPROCESSTASK
            CODE    4465H     0057H     UNIT         ?CO?PRINTF
BL51 BANKED LINKER/LOCATER V6.22                                                      11/25/2020  20:13:27  PAGE 4


            CODE    44BCH     0056H     UNIT         ?PR?READ_VALU?KEYSCAN
            CODE    4512H     0052H     UNIT         ?PR?_LED_SHOW?SMG
            CODE    4564H     003FH     UNIT         ?PR?_LIST4_MALLOC_ZERO?LIST4_MALLOC
            CODE    45A3H     003DH     UNIT         ?PR?FUN_KEYF?ADDPROCESSTASK
            CODE    45E0H     003CH     UNIT         ?PR?_LED_MOD_SELECT?SMG
            CODE    461CH     0033H     UNIT         ?PR?_UARTSENDSTR?UART
            CODE    464FH     0032H     UNIT         ?PR?_EEPROM_READ_N?EEPROM
            CODE    4681H     0032H     UNIT         ?PR?_EEPROM_WRITE_ZERO?EEPROM
            CODE    46B3H     002FH     UNIT         ?PR?_FANDFANLED_SHOW?SMG
            CODE    46E2H     002FH     UNIT         ?PR?FUN_KEYTIMESUB?ADDPROCESSTASK
            CODE    4711H     002FH     UNIT         ?PR?FUN_KEYTEMPSUB?ADDPROCESSTASK
            CODE    4740H     002FH     UNIT         ?PR?FUN_KEYSTEAMSUB?ADDPROCESSTASK
            CODE    476FH     002BH     UNIT         ?PR?_BYTE_1640?TM1640
            CODE    479AH     002BH     UNIT         ?PR?_GET_KEY_PRESS_TIME?KEY
            CODE    47C5H     002BH     UNIT         ?PR?FUN_KEYSAVE?ADDPROCESSTASK
            CODE    47F0H     002BH     UNIT         ?PR?FUN_KEYGROUP2?ADDPROCESSTASK
            CODE    481BH     002BH     UNIT         ?PR?FUN_KEYGROUP3?ADDPROCESSTASK
            CODE    4846H     002BH     UNIT         ?PR?FUN_KEYGROUP4?ADDPROCESSTASK
            CODE    4871H     002BH     UNIT         ?PR?FUN_KEYGROUP5?ADDPROCESSTASK
            CODE    489CH     002BH     UNIT         ?PR?FUN_KEYGROUP6?ADDPROCESSTASK
            CODE    48C7H     002BH     UNIT         ?PR?FUN_KEYGROUP7?ADDPROCESSTASK
            CODE    48F2H     002BH     UNIT         ?PR?FUN_KEYGROUP8?ADDPROCESSTASK
            CODE    491DH     002BH     UNIT         ?PR?FUN_KEYGROUP9?ADDPROCESSTASK
            CODE    4948H     002BH     UNIT         ?PR?FUN_KEYGROUP10?ADDPROCESSTASK
            CODE    4973H     002BH     UNIT         ?PR?FUN_KEYGROUP11?ADDPROCESSTASK
            CODE    499EH     002BH     UNIT         ?PR?FUN_KEYGROUP12?ADDPROCESSTASK
            CODE    49C9H     0029H     UNIT         ?PR?FUN_KEYGROUP1?ADDPROCESSTASK
            CODE    49F2H     0027H     UNIT         ?PR?TIMER3INTPROCESS?SPI
            CODE    4A19H     0022H     UNIT         ?PR?_CLOSETEMPSHOW?INTERFACE
            CODE    4A3BH     0020H     UNIT         ?PR?_GPIO_HENG_MOED_SET?KEYSCAN
            CODE    4A5BH     001CH     UNIT         ?PR?_GPIO_LIE_MOED_SET?KEYSCAN
            CODE    4A77H     001CH     UNIT         ?PR?_PRO_TIMESHOW?INTERFACE
            CODE    4A93H     001CH     UNIT         ?PR?_PRO_TEMPSHOW?INTERFACE
            CODE    4AAFH     001CH     UNIT         ?PR?_PRO_TEAMSHOW?INTERFACE
            CODE    4ACBH     001BH     UNIT         ?PR?KEYREAD?KEYSCAN
            CODE    4AE6H     001BH     UNIT         ?PR?CLEARFLASH?ADDPROCESSTASK
            CODE    4B01H     001AH     UNIT         ?PR?_PROLED_SHOW?SMG
            CODE    4B1BH     001AH     UNIT         ?PR?EEPROM_TRIG?EEPROM
            CODE    4B35H     0018H     UNIT         ?PR?FUN_KEYTIMEADD?ADDPROCESSTASK
            CODE    4B4DH     0018H     UNIT         ?PR?FUN_KEYTEMPADD?ADDPROCESSTASK
            CODE    4B65H     0018H     UNIT         ?PR?FUN_KEYSTEAMADD?ADDPROCESSTASK
            CODE    4B7DH     0018H     UNIT         ?PR?_CLOSE_TIMESHOW?INTERFACE
            CODE    4B95H     0017H     UNIT         ?PR?UARTINIT?UART
            CODE    4BACH     0016H     UNIT         ?PR?_CLOSESTEAMSHOW?INTERFACE
            CODE    4BC2H     0013H     UNIT         ?PR?TIMER0INIT?DELAY
            CODE    4BD5H     0013H     UNIT         ?PR?_EEPROM_SECTORERASE?EEPROM
            CODE    4BE8H     000FH     UNIT         ?PR?GET_SYS_TIME?KEY
            CODE    4BF7H     000FH     UNIT         ?PR?KEY_LED_OFF?SMG
            CODE    4C06H     000EH     UNIT         ?PR?DISABLEEEPROM?EEPROM
            CODE    4C14H     000DH     UNIT         ?PR?UART1_INT?UART
            CODE    4C21H     000CH     UNIT         ?PR?_SHOW_WORKTIME?INTERFACE
            CODE    4C2DH     000CH     UNIT         ?PR?_SHOW_TEMPERATURE?INTERFACE
            CODE    4C39H     000CH     UNIT         ?PR?_SHOW_STEAMTIME?INTERFACE
            CODE    4C45H     000BH     UNIT         ?PR?LEDALLOFF?SMG
            CODE    4C50H     0009H     UNIT         ?CO?MAIN
            CODE    4C59H     0009H     UNIT         ?PR?START_1640?TM1640
            CODE    4C62H     0009H     UNIT         ?PR?STOP_1640?TM1640
BL51 BANKED LINKER/LOCATER V6.22                                                      11/25/2020  20:13:27  PAGE 5


            CODE    4C6BH     0009H     UNIT         ?PR?DELAY1MS?DELAY
            CODE    4C74H     0008H     UNIT         ?PR?_UARTSENDBYTE?UART



OVERLAY MAP OF MODULE:   .\Objects\main (MAIN)


SEGMENT                                       XDATA_GROUP
  +--> CALLED SEGMENT                       START    LENGTH
-----------------------------------------------------------
?PR?SPI_INTPROCESS?SPI                      02CDH    0001H
  +--> ?PR?GET_SYS_TIME?KEY

*** NEW ROOT ***************************************************

?C_C51STARTUP                               -----    -----
  +--> ?PR?MAIN?MAIN
  +--> ?C_INITSEG

?PR?MAIN?MAIN                               -----    -----
  +--> ?PR?KEY_GPIO_INIT?KEYSCAN
  +--> ?PR?UARTSTARTIT?UART
  +--> ?PR?_DELAY_MS?DELAY
  +--> ?PR?_LIST4_MALLOC_INIT?LIST4_MALLOC
  +--> ?CO?MAIN
  +--> ?PR?_UARTSENDSTR?UART
  +--> ?PR?TIMER0INIT?DELAY
  +--> ?PR?SPI_INIT?SPI
  +--> ?PR?GROUPDATINIT?ADDPROCESSTASK
  +--> ?PR?_KEY_SCAN?KEY
  +--> ?PR?_LED_SHOW?SMG
  +--> ?PR?SPI_COMMPROCESS?SPI
  +--> ?PR?_TM1640_ATOSHOW?TM1640

?PR?UARTSTARTIT?UART                        -----    -----
  +--> ?PR?UARTINIT?UART

?PR?_DELAY_MS?DELAY                         -----    -----
  +--> ?PR?DELAY1MS?DELAY

?PR?_LIST4_MALLOC_INIT?LIST4_MALLOC         02CEH    0008H

?PR?_UARTSENDSTR?UART                       0348H    0003H
  +--> ?PR?_UARTSENDBYTE?UART

?PR?SPI_INIT?SPI                            -----    -----
  +--> ?PR?INITTIMER3?SPI

?PR?GROUPDATINIT?ADDPROCESSTASK             02CEH    0001H
  +--> ?PR?_FLASH_READ?MYFLASH
  +--> ?PR?_FLASH_WRITE?MYFLASH
  +--> ?PR?CLEARFLASH?ADDPROCESSTASK
  +--> ?CO?ADDPROCESSTASK
  +--> ?PR?_UARTSENDSTR?UART

?PR?_FLASH_READ?MYFLASH                     02CFH    0013H
BL51 BANKED LINKER/LOCATER V6.22                                                      11/25/2020  20:13:27  PAGE 6


  +--> ?PR?_LIST4_MALLOC?LIST4_MALLOC
  +--> ?PR?_EEPROM_READ_N?EEPROM
  +--> ?PR?_MYMEMCPY?MYFLASH
  +--> ?PR?_LIST4_FREE?LIST4_MALLOC

?PR?_LIST4_MALLOC?LIST4_MALLOC              02E7H    000BH
  +--> ?CO?LIST4_MALLOC
  +--> ?PR?_PRINTF?PRINTF
  +--> ?PR?_LIST4_INSERTBLOCK?LIST4_MALLOC

?PR?_PRINTF?PRINTF                          02F7H    0051H
  +--> ?CO?PRINTF
  +--> ?PR?_FINDDAT?PRINTF
  +--> ?PR?_DOUBLETOSTRINGSAVEZHENG?PRINTF
  +--> ?PR?_INT2HEXSTR?PRINTF
  +--> ?PR?_UARTSENDSTR?UART

?PR?_FINDDAT?PRINTF                         0348H    0005H
  +--> ?CO?PRINTF

?PR?_DOUBLETOSTRINGSAVEZHENG?PRINTF         0348H    0015H

?PR?_INT2HEXSTR?PRINTF                      0348H    0022H
  +--> ?CO?PRINTF

?PR?_LIST4_INSERTBLOCK?LIST4_MALLOC         02F7H    000FH

?PR?_EEPROM_READ_N?EEPROM                   02E2H    0007H
  +--> ?PR?EEPROM_TRIG?EEPROM
  +--> ?PR?DISABLEEEPROM?EEPROM

?PR?_MYMEMCPY?MYFLASH                       02E2H    0018H

?PR?_LIST4_FREE?LIST4_MALLOC                02E2H    0015H
  +--> ?CO?LIST4_MALLOC
  +--> ?PR?_PRINTF?PRINTF
  +--> ?PR?_LIST4_INSERTBLOCK?LIST4_MALLOC

?PR?_FLASH_WRITE?MYFLASH                    02CFH    0013H
  +--> ?PR?_LIST4_MALLOC_ZERO?LIST4_MALLOC
  +--> ?PR?_EEPROM_READ_N?EEPROM
  +--> ?PR?_EEPROM_SECTORERASE?EEPROM
  +--> ?PR?_MYMEMCPY?MYFLASH
  +--> ?PR?_EEPROM_WRITE_N?EEPROM
  +--> ?PR?_LIST4_FREE?LIST4_MALLOC

?PR?_LIST4_MALLOC_ZERO?LIST4_MALLOC         02E2H    0005H
  +--> ?PR?_LIST4_MALLOC?LIST4_MALLOC
  +--> ?PR?_CLEARMALLOC?LIST4_MALLOC

?PR?_CLEARMALLOC?LIST4_MALLOC               02E7H    0012H

?PR?_EEPROM_SECTORERASE?EEPROM              -----    -----
  +--> ?PR?EEPROM_TRIG?EEPROM
  +--> ?PR?DISABLEEEPROM?EEPROM

?PR?_EEPROM_WRITE_N?EEPROM                  02E2H    000DH
BL51 BANKED LINKER/LOCATER V6.22                                                      11/25/2020  20:13:27  PAGE 7


  +--> ?PR?EEPROM_TRIG?EEPROM
  +--> ?PR?DISABLEEEPROM?EEPROM

?PR?CLEARFLASH?ADDPROCESSTASK               02CFH    0002H
  +--> ?PR?_EEPROM_WRITE_ZERO?EEPROM

?PR?_EEPROM_WRITE_ZERO?EEPROM               -----    -----
  +--> ?PR?EEPROM_TRIG?EEPROM
  +--> ?PR?DISABLEEEPROM?EEPROM

?PR?_KEY_SCAN?KEY                           02CEH    0008H
  +--> ?PR?KEYREAD?KEYSCAN
  +--> ?PR?GET_SYS_TIME?KEY
  +--> ?PR?KEYSCAN?KEYSCAN
  +--> ?PR?_GET_KEY_PRESS_TIME?KEY

?PR?KEYREAD?KEYSCAN                         -----    -----
  +--> ?PR?READ_VALU?KEYSCAN

?PR?READ_VALU?KEYSCAN                       -----    -----
  +--> ?PR?_GPIO_HENG_MOED_SET?KEYSCAN
  +--> ?PR?_GPIO_LIE_MOED_SET?KEYSCAN

?PR?KEYSCAN?KEYSCAN                         -----    -----
  +--> ?PR?READ_VALU?KEYSCAN
  +--> ?PR?_GPIO_HENG_MOED_SET?KEYSCAN
  +--> ?PR?_GPIO_LIE_MOED_SET?KEYSCAN

?PR?_GET_KEY_PRESS_TIME?KEY                 02D6H    0004H
  +--> ?PR?GET_SYS_TIME?KEY

?PR?SPI_COMMPROCESS?SPI                     02CEH    0003H
  +--> ?PR?_CRC16_2?CRC
  +--> ?PR?GET_SYS_TIME?KEY
  +--> ?PR?_SPI_RDTRIGTX?SPI
  +--> ?PR?_SPI_WRTRIGTX?SPI

?PR?_CRC16_2?CRC                            02D1H    0007H
  +--> ?CO?CRC

?PR?_SPI_RDTRIGTX?SPI                       02D1H    0001H

?PR?_SPI_WRTRIGTX?SPI                       02D1H    0005H

?PR?_TM1640_ATOSHOW?TM1640                  02CEH    0006H
  +--> ?PR?START_1640?TM1640
  +--> ?PR?_BYTE_1640?TM1640
  +--> ?PR?STOP_1640?TM1640

?C_INITSEG                                  -----    -----
  +--> ?PR?FUN_KEYTIMEADD?ADDPROCESSTASK
  +--> ?PR?FUN_KEYTIMESUB?ADDPROCESSTASK
  +--> ?PR?FUN_KEYTEMPADD?ADDPROCESSTASK
  +--> ?PR?FUN_KEYTEMPSUB?ADDPROCESSTASK
  +--> ?PR?FUN_KEYSAVE?ADDPROCESSTASK
  +--> ?PR?FUN_KEYGROUP1?ADDPROCESSTASK
  +--> ?PR?FUN_KEYGROUP2?ADDPROCESSTASK
BL51 BANKED LINKER/LOCATER V6.22                                                      11/25/2020  20:13:27  PAGE 8


  +--> ?PR?FUN_KEYGROUP3?ADDPROCESSTASK
  +--> ?PR?FUN_KEYGROUP4?ADDPROCESSTASK
  +--> ?PR?FUN_KEYGROUP5?ADDPROCESSTASK
  +--> ?PR?FUN_KEYGROUP6?ADDPROCESSTASK
  +--> ?PR?FUN_KEYGROUP7?ADDPROCESSTASK
  +--> ?PR?FUN_KEYGROUP8?ADDPROCESSTASK
  +--> ?PR?FUN_KEYGROUP9?ADDPROCESSTASK
  +--> ?PR?FUN_KEYGROUP10?ADDPROCESSTASK
  +--> ?PR?FUN_KEYGROUP11?ADDPROCESSTASK
  +--> ?PR?FUN_KEYGROUP12?ADDPROCESSTASK
  +--> ?PR?FUN_KEYSTEAMADD?ADDPROCESSTASK
  +--> ?PR?FUN_KEYSTEAMSUB?ADDPROCESSTASK
  +--> ?PR?FUN_KEYFUNADD?ADDPROCESSTASK
  +--> ?PR?FUN_KEYF?ADDPROCESSTASK
  +--> ?PR?_MAIN_KEYFUN?INTERFACE
  +--> ?PR?_SHOW_WORKTIME?INTERFACE
  +--> ?PR?_SHOW_TEMPERATURE?INTERFACE
  +--> ?PR?_SHOW_STEAMTIME?INTERFACE
  +--> ?PR?_CLOSE_KEYFUN?INTERFACE
  +--> ?PR?_CLOSE_TIMESHOW?INTERFACE
  +--> ?PR?_CLOSETEMPSHOW?INTERFACE
  +--> ?PR?_CLOSESTEAMSHOW?INTERFACE
  +--> ?PR?_PRO_KEYFUN?INTERFACE
  +--> ?PR?_PRO_TIMESHOW?INTERFACE
  +--> ?PR?_PRO_TEMPSHOW?INTERFACE
  +--> ?PR?_PRO_TEAMSHOW?INTERFACE

?PR?FUN_KEYSAVE?ADDPROCESSTASK              -----    -----
  +--> ?PR?_FLASH_WRITE?MYFLASH
  +--> ?CO?ADDPROCESSTASK
  +--> ?PR?_UARTSENDSTR?UART

?PR?FUN_KEYGROUP1?ADDPROCESSTASK            -----    -----
  +--> ?PR?_FLASH_READ?MYFLASH

?PR?FUN_KEYGROUP2?ADDPROCESSTASK            -----    -----
  +--> ?PR?_FLASH_READ?MYFLASH

?PR?FUN_KEYGROUP3?ADDPROCESSTASK            -----    -----
  +--> ?PR?_FLASH_READ?MYFLASH

?PR?FUN_KEYGROUP4?ADDPROCESSTASK            -----    -----
  +--> ?PR?_FLASH_READ?MYFLASH

?PR?FUN_KEYGROUP5?ADDPROCESSTASK            -----    -----
  +--> ?PR?_FLASH_READ?MYFLASH

?PR?FUN_KEYGROUP6?ADDPROCESSTASK            -----    -----
  +--> ?PR?_FLASH_READ?MYFLASH

?PR?FUN_KEYGROUP7?ADDPROCESSTASK            -----    -----
  +--> ?PR?_FLASH_READ?MYFLASH

?PR?FUN_KEYGROUP8?ADDPROCESSTASK            -----    -----
  +--> ?PR?_FLASH_READ?MYFLASH

?PR?FUN_KEYGROUP9?ADDPROCESSTASK            -----    -----
BL51 BANKED LINKER/LOCATER V6.22                                                      11/25/2020  20:13:27  PAGE 9


  +--> ?PR?_FLASH_READ?MYFLASH

?PR?FUN_KEYGROUP10?ADDPROCESSTASK           -----    -----
  +--> ?PR?_FLASH_READ?MYFLASH

?PR?FUN_KEYGROUP11?ADDPROCESSTASK           -----    -----
  +--> ?PR?_FLASH_READ?MYFLASH

?PR?FUN_KEYGROUP12?ADDPROCESSTASK           -----    -----
  +--> ?PR?_FLASH_READ?MYFLASH

?PR?FUN_KEYFUNADD?ADDPROCESSTASK            -----    -----
  +--> ?CO?ADDPROCESSTASK
  +--> ?PR?_PRINTF?PRINTF

?PR?FUN_KEYF?ADDPROCESSTASK                 -----    -----
  +--> ?CO?ADDPROCESSTASK
  +--> ?PR?_PRINTF?PRINTF

?PR?_MAIN_KEYFUN?INTERFACE                  02CEH    0003H
  +--> ?CO?INTERFACE
  +--> ?PR?_PRINTF?PRINTF
  +--> ?PR?_UARTSENDSTR?UART

?PR?_SHOW_WORKTIME?INTERFACE                -----    -----
  +--> ?PR?_TIME_SHOW?SMG

?PR?_TIME_SHOW?SMG                          02CEH    0002H

?PR?_SHOW_TEMPERATURE?INTERFACE             -----    -----
  +--> ?PR?_TEMP_SHOW?SMG

?PR?_SHOW_STEAMTIME?INTERFACE               -----    -----
  +--> ?PR?_STEAM_SHOW?SMG

?PR?_CLOSE_KEYFUN?INTERFACE                 02CEH    0003H
  +--> ?CO?INTERFACE
  +--> ?PR?_PRINTF?PRINTF

?PR?_CLOSETEMPSHOW?INTERFACE                -----    -----
  +--> ?PR?LEDALLOFF?SMG

?PR?_PRO_KEYFUN?INTERFACE                   02CEH    0003H
  +--> ?CO?INTERFACE
  +--> ?PR?_PRINTF?PRINTF
  +--> ?PR?_PROLED_SHOW?SMG
  +--> ?PR?_LED_MOD_SELECT?SMG
  +--> ?PR?KEY_LED_OFF?SMG
  +--> ?PR?_FUN_KEYFUN?ADDPROCESSTASK
  +--> ?PR?_FANDFANLED_SHOW?SMG
  +--> ?PR?TWINKLEPROLED_FUN?INTERFACE

?PR?_FUN_KEYFUN?ADDPROCESSTASK              02D1H    0003H

?PR?TWINKLEPROLED_FUN?INTERFACE             -----    -----
  +--> ?PR?_PROLED_SHOW?SMG

BL51 BANKED LINKER/LOCATER V6.22                                                      11/25/2020  20:13:27  PAGE 10


?PR?_PRO_TIMESHOW?INTERFACE                 -----    -----
  +--> ?PR?_TIME_SHOW?SMG

?PR?_PRO_TEMPSHOW?INTERFACE                 -----    -----
  +--> ?PR?_TEMP_SHOW?SMG

?PR?_PRO_TEAMSHOW?INTERFACE                 -----    -----
  +--> ?PR?_STEAM_SHOW?SMG



SYMBOL TABLE OF MODULE:  .\Objects\main (MAIN)

  VALUE           TYPE          NAME
  ----------------------------------

  -------         MODULE        MAIN
  C:0000H         SYMBOL        _ICE_DUMMY_
  D:0080H         PUBLIC        P0
  D:0090H         PUBLIC        P1
  D:00A0H         PUBLIC        P2
  D:00B0H         PUBLIC        P3
  D:00C0H         PUBLIC        P4
  D:00C8H         PUBLIC        P5
  D:00E8H         PUBLIC        P6
  D:00F8H         PUBLIC        P7
  D:00A8H         PUBLIC        IE
  D:00B8H         PUBLIC        IP
  B:0090H.2       PUBLIC        beep
  X:044BH         PUBLIC        ledi
  D:00D8H         PUBLIC        CCON
  C:32CBH         PUBLIC        main
  B:0020H.0       PUBLIC        flag_tm1640
  B:0020H.1       PUBLIC        flag_led
  C:3C2AH         PUBLIC        Timer0
  D:0098H         PUBLIC        SCON
  D:0088H         PUBLIC        TCON
  X:044CH         PUBLIC        key
  X:0454H         PUBLIC        key_val
  X:0455H         PUBLIC        sys_time
  X:0459H         PUBLIC        t
  D:00D0H         PUBLIC        PSW
  B:0020H.2       PUBLIC        flag_second
  -------         PROC          MAIN
  C:32CBH         LINE#         29
  C:32CBH         LINE#         30
  C:32CBH         LINE#         31
  C:32CDH         LINE#         32
  C:32D0H         LINE#         33
  C:32D3H         LINE#         34
  C:32DAH         LINE#         36
  C:32F9H         LINE#         37
  C:3302H         LINE#         38
  C:3305H         LINE#         39
  C:3308H         LINE#         40
  C:3316H         LINE#         41
  C:3319H         LINE#         43
BL51 BANKED LINKER/LOCATER V6.22                                                      11/25/2020  20:13:27  PAGE 11


  C:3319H         LINE#         44
  C:3319H         LINE#         45
  C:3327H         LINE#         46
  C:3336H         LINE#         47
  C:3336H         LINE#         48
  C:333AH         LINE#         49
  C:333AH         LINE#         50
  C:333FH         LINE#         51
  C:3344H         LINE#         52
  C:3350H         LINE#         54
  C:3350H         LINE#         56
  C:3377H         LINE#         57
  C:33A1H         LINE#         58
  C:33CBH         LINE#         59
  C:33F5H         LINE#         60
  C:33F8H         LINE#         62
  C:3401H         LINE#         64
  C:3407H         LINE#         65
  C:3407H         LINE#         66
  C:3409H         LINE#         67
  C:341AH         LINE#         68
  C:341AH         LINE#         75
  -------         ENDPROC       MAIN
  -------         PROC          TIMER0
  -------         DO            
  X:0447H         SYMBOL        tm1640_c
  X:0449H         SYMBOL        time
  -------         ENDDO         
  C:3C2AH         LINE#         79
  C:3C41H         LINE#         83
  C:3C4FH         LINE#         84
  C:3C5EH         LINE#         85
  C:3C5EH         LINE#         86
  C:3C62H         LINE#         87
  C:3C64H         LINE#         88
  C:3C64H         LINE#         90
  C:3C72H         LINE#         91
  C:3C81H         LINE#         92
  C:3C81H         LINE#         93
  C:3C85H         LINE#         94
  C:3C87H         LINE#         95
  C:3C87H         LINE#         96
  C:3CA6H         LINE#         98
  C:3CB2H         LINE#         99
  C:3CBAH         LINE#         101
  C:3CBFH         LINE#         103
  -------         ENDPROC       TIMER0
  -------         ENDMOD        MAIN

  -------         MODULE        KEYSCAN
  C:0000H         SYMBOL        _ICE_DUMMY_
  D:0080H         PUBLIC        P0
  C:4A5BH         PUBLIC        _GPIO_Lie_MOED_SET
  D:0090H         PUBLIC        P1
  D:00A0H         PUBLIC        P2
  D:00B0H         PUBLIC        P3
  D:00C0H         PUBLIC        P4
BL51 BANKED LINKER/LOCATER V6.22                                                      11/25/2020  20:13:27  PAGE 12


  D:00C8H         PUBLIC        P5
  D:00E8H         PUBLIC        P6
  D:00F8H         PUBLIC        P7
  D:00A8H         PUBLIC        IE
  D:00B8H         PUBLIC        IP
  D:00D8H         PUBLIC        CCON
  X:045BH         PUBLIC        IO_KeyState
  C:4ACBH         PUBLIC        KeyRead
  C:0022H         PUBLIC        Key_GPIO_Init
  D:0098H         PUBLIC        SCON
  D:0088H         PUBLIC        TCON
  B:00C0H.3       PUBLIC        SH1
  B:0080H.3       PUBLIC        SH2
  B:0080H.4       PUBLIC        SH3
  B:0080H.5       PUBLIC        SH4
  B:00A0H.6       PUBLIC        SL1
  B:0080H.6       PUBLIC        SH5
  B:00A0H.7       PUBLIC        SL2
  B:0080H.7       PUBLIC        SH6
  C:3157H         PUBLIC        Keyscan
  B:0080H.0       PUBLIC        SL3
  B:0080H.1       PUBLIC        SL4
  X:045CH         PUBLIC        IO_KeyHoldCnt
  B:0080H.2       PUBLIC        SL5
  X:045DH         PUBLIC        IO_KeyState1
  C:4A3BH         PUBLIC        _GPIO_Heng_MOED_SET
  C:44C4H         PUBLIC        Read_Valu
  D:00D0H         PUBLIC        PSW
  -------         PROC          KEY_GPIO_INIT
  C:0022H         LINE#         6
  C:0022H         LINE#         7
  C:0022H         LINE#         8
  -------         ENDPROC       KEY_GPIO_INIT
  -------         PROC          L?0067
  -------         ENDPROC       L?0067
  -------         PROC          READ_VALU
  -------         DO            
  D:0006H         SYMBOL        dat
  -------         ENDDO         
  C:44C4H         LINE#         12
  C:44C4H         LINE#         13
  C:44C4H         LINE#         14
  C:44C7H         LINE#         16
  C:44CBH         LINE#         17
  C:44D2H         LINE#         18
  C:44D9H         LINE#         19
  C:44E0H         LINE#         20
  C:44E7H         LINE#         22
  C:44EEH         LINE#         23
  C:44F5H         LINE#         24
  C:44FCH         LINE#         25
  C:4503H         LINE#         26
  C:450AH         LINE#         27
  C:4511H         LINE#         29
  C:4511H         LINE#         30
  -------         ENDPROC       READ_VALU
  -------         PROC          _GPIO_HENG_MOED_SET
BL51 BANKED LINKER/LOCATER V6.22                                                      11/25/2020  20:13:27  PAGE 13


  D:0007H         SYMBOL        GPIOMODE
  C:4A3BH         LINE#         32
  C:4A3BH         LINE#         33
  C:4A3BH         LINE#         34
  C:4A3FH         LINE#         35
  C:4A3FH         LINE#         36
  C:4A41H         LINE#         37
  C:4A43H         LINE#         38
  C:4A45H         LINE#         39
  C:4A47H         LINE#         40
  C:4A49H         LINE#         41
  C:4A4BH         LINE#         42
  C:4A4CH         LINE#         43
  C:4A4DH         LINE#         44
  C:4A4EH         LINE#         45
  C:4A4EH         LINE#         46
  C:4A50H         LINE#         47
  C:4A52H         LINE#         48
  C:4A54H         LINE#         49
  C:4A56H         LINE#         50
  C:4A58H         LINE#         51
  C:4A5AH         LINE#         52
  C:4A5AH         LINE#         53
  -------         ENDPROC       _GPIO_HENG_MOED_SET
  -------         PROC          _GPIO_LIE_MOED_SET
  D:0007H         SYMBOL        GPIOMODE
  C:4A5BH         LINE#         55
  C:4A5BH         LINE#         56
  C:4A5BH         LINE#         57
  C:4A5FH         LINE#         58
  C:4A5FH         LINE#         59
  C:4A61H         LINE#         60
  C:4A63H         LINE#         61
  C:4A65H         LINE#         62
  C:4A67H         LINE#         63
  C:4A69H         LINE#         64
  C:4A6AH         LINE#         65
  C:4A6BH         LINE#         66
  C:4A6CH         LINE#         67
  C:4A6CH         LINE#         68
  C:4A6EH         LINE#         69
  C:4A70H         LINE#         70
  C:4A72H         LINE#         71
  C:4A74H         LINE#         72
  C:4A76H         LINE#         73
  C:4A76H         LINE#         74
  -------         ENDPROC       _GPIO_LIE_MOED_SET
  -------         PROC          KEYREAD
  C:4ACBH         LINE#         77
  C:4ACBH         LINE#         78
  C:4ACBH         LINE#         79
  C:4ACCH         LINE#         80
  C:4ACCH         LINE#         81
  C:4AD5H         LINE#         82
  C:4AD5H         LINE#         83
  C:4AD6H         LINE#         84
  C:4AD7H         LINE#         85
BL51 BANKED LINKER/LOCATER V6.22                                                      11/25/2020  20:13:27  PAGE 14


  C:4AE0H         LINE#         86
  C:4AE0H         LINE#         87
  C:4AE3H         LINE#         88
  C:4AE3H         LINE#         89
  C:4AE3H         LINE#         90
  C:4AE5H         LINE#         91
  -------         ENDPROC       KEYREAD
  -------         PROC          KEYSCAN
  -------         DO            
  D:0004H         SYMBOL        KeyPort
  -------         ENDDO         
  C:3157H         LINE#         93
  C:3157H         LINE#         94
  C:3157H         LINE#         95
  C:315AH         LINE#         96
  C:315AH         LINE#         97
  C:315AH         LINE#         98
  C:3166H         LINE#         99
  C:3166H         LINE#         100
  C:316DH         LINE#         102
  C:3176H         LINE#         103
  C:3176H         LINE#         104
  C:317BH         LINE#         105
  C:317FH         LINE#         106
  C:31A5H         LINE#         107
  C:31A5H         LINE#         108
  C:31A5H         LINE#         109
  C:31ACH         LINE#         110
  C:31CEH         LINE#         111
  C:31CEH         LINE#         112
  C:31D1H         LINE#         113
  C:31D1H         LINE#         114
  C:31D4H         LINE#         115
  C:31D4H         LINE#         116
  C:31D7H         LINE#         117
  C:31D7H         LINE#         118
  C:31DAH         LINE#         119
  C:31DAH         LINE#         120
  C:31DDH         LINE#         121
  C:31DDH         LINE#         122
  C:31E0H         LINE#         123
  C:31E0H         LINE#         124
  C:31E0H         LINE#         125
  C:31E0H         LINE#         126
  C:31E0H         LINE#         127
  C:31E7H         LINE#         128
  C:3209H         LINE#         129
  C:3209H         LINE#         130
  C:320CH         LINE#         131
  C:320CH         LINE#         132
  C:320FH         LINE#         133
  C:320FH         LINE#         134
  C:3212H         LINE#         135
  C:3212H         LINE#         136
  C:3215H         LINE#         137
  C:3215H         LINE#         138
  C:3218H         LINE#         139
BL51 BANKED LINKER/LOCATER V6.22                                                      11/25/2020  20:13:27  PAGE 15


  C:3218H         LINE#         140
  C:321BH         LINE#         141
  C:321BH         LINE#         142
  C:321BH         LINE#         143
  C:321BH         LINE#         144
  C:321BH         LINE#         145
  C:3222H         LINE#         146
  C:3244H         LINE#         147
  C:3244H         LINE#         148
  C:3247H         LINE#         149
  C:3247H         LINE#         150
  C:324AH         LINE#         151
  C:324AH         LINE#         152
  C:324DH         LINE#         153
  C:324DH         LINE#         154
  C:3250H         LINE#         155
  C:3250H         LINE#         156
  C:3253H         LINE#         157
  C:3253H         LINE#         158
  C:3256H         LINE#         159
  C:3256H         LINE#         160
  C:3256H         LINE#         161
  C:3256H         LINE#         162
  C:3256H         LINE#         163
  C:325DH         LINE#         164
  C:327FH         LINE#         165
  C:327FH         LINE#         166
  C:3282H         LINE#         167
  C:3282H         LINE#         168
  C:3285H         LINE#         169
  C:3285H         LINE#         170
  C:3288H         LINE#         171
  C:3288H         LINE#         172
  C:328BH         LINE#         173
  C:328BH         LINE#         174
  C:328EH         LINE#         175
  C:328EH         LINE#         176
  C:3291H         LINE#         177
  C:3291H         LINE#         178
  C:3291H         LINE#         179
  C:3291H         LINE#         180
  C:3291H         LINE#         181
  C:3294H         LINE#         182
  C:32B6H         LINE#         183
  C:32B6H         LINE#         184
  C:32B9H         LINE#         185
  C:32B9H         LINE#         186
  C:32BCH         LINE#         187
  C:32BCH         LINE#         188
  C:32BFH         LINE#         189
  C:32BFH         LINE#         190
  C:32C2H         LINE#         191
  C:32C2H         LINE#         192
  C:32C5H         LINE#         193
  C:32C5H         LINE#         194
  C:32C8H         LINE#         195
  C:32C8H         LINE#         196
BL51 BANKED LINKER/LOCATER V6.22                                                      11/25/2020  20:13:27  PAGE 16


  C:32C8H         LINE#         197
  C:32C8H         LINE#         198
  C:32C8H         LINE#         200
  C:32C8H         LINE#         201
  C:32C8H         LINE#         202
  C:32CAH         LINE#         204
  -------         ENDPROC       KEYSCAN
  -------         ENDMOD        KEYSCAN

  -------         MODULE        TM1640
  C:0000H         SYMBOL        _ICE_DUMMY_
  D:0080H         PUBLIC        P0
  D:0090H         PUBLIC        P1
  D:00A0H         PUBLIC        P2
  D:00B0H         PUBLIC        P3
  D:00C0H         PUBLIC        P4
  D:00C8H         PUBLIC        P5
  D:00E8H         PUBLIC        P6
  D:00F8H         PUBLIC        P7
  D:00A8H         PUBLIC        IE
  C:41BAH         PUBLIC        _TM1640_AtoShow
  D:00B8H         PUBLIC        IP
  D:00D8H         PUBLIC        CCON
  B:00A0H.1       PUBLIC        SCLK
  D:0098H         PUBLIC        SCON
  D:0088H         PUBLIC        TCON
  C:4C59H         PUBLIC        Start_1640
  C:476FH         PUBLIC        _Byte_1640
  C:4C62H         PUBLIC        Stop_1640
  B:00A0H.2       PUBLIC        DIN
  D:00D0H         PUBLIC        PSW
  -------         PROC          START_1640
  C:4C59H         LINE#         4
  C:4C59H         LINE#         5
  C:4C59H         LINE#         6
  C:4C5BH         LINE#         7
  C:4C5DH         LINE#         8
  C:4C5FH         LINE#         9
  C:4C61H         LINE#         10
  -------         ENDPROC       START_1640
  -------         PROC          STOP_1640
  C:4C62H         LINE#         13
  C:4C62H         LINE#         14
  C:4C62H         LINE#         15
  C:4C64H         LINE#         16
  C:4C66H         LINE#         17
  C:4C68H         LINE#         18
  C:4C6AH         LINE#         19
  -------         ENDPROC       STOP_1640
  -------         PROC          _BYTE_1640
  D:0005H         SYMBOL        dat
  -------         DO            
  D:0004H         SYMBOL        i
  -------         ENDDO         
  C:476FH         LINE#         22
  C:4771H         LINE#         23
  C:4771H         LINE#         24
BL51 BANKED LINKER/LOCATER V6.22                                                      11/25/2020  20:13:27  PAGE 17


  C:4773H         LINE#         25
  C:4773H         LINE#         26
  C:4773H         LINE#         27
  C:478AH         LINE#         28
  C:478EH         LINE#         30
  C:4790H         LINE#         31
  C:4792H         LINE#         32
  C:4794H         LINE#         33
  C:4799H         LINE#         34
  -------         ENDPROC       _BYTE_1640
  -------         PROC          _TM1640_ATOSHOW
  X:02CEH         SYMBOL        startaddr
  X:02CFH         SYMBOL        buf
  X:02D2H         SYMBOL        num
  -------         DO            
  X:02D3H         SYMBOL        i
  -------         ENDDO         
  C:41BAH         LINE#         39
  C:41C8H         LINE#         40
  C:41C8H         LINE#         41
  C:41CDH         LINE#         42
  C:41D0H         LINE#         43
  C:41D5H         LINE#         44
  C:41D8H         LINE#         46
  C:41DBH         LINE#         47
  C:41E5H         LINE#         48
  C:41F6H         LINE#         49
  C:41F6H         LINE#         50
  C:420DH         LINE#         51
  C:4215H         LINE#         52
  C:4218H         LINE#         54
  C:421BH         LINE#         55
  C:4220H         LINE#         56
  -------         ENDPROC       _TM1640_ATOSHOW
  -------         ENDMOD        TM1640

  -------         MODULE        UART
  C:0000H         SYMBOL        _ICE_DUMMY_
  D:0080H         PUBLIC        P0
  D:0090H         PUBLIC        P1
  D:00A0H         PUBLIC        P2
  D:00B0H         PUBLIC        P3
  D:00C0H         PUBLIC        P4
  D:00C8H         PUBLIC        P5
  C:461CH         PUBLIC        _UARTSendStr
  B:00A8H.7       PUBLIC        EA
  D:00E8H         PUBLIC        P6
  D:00F8H         PUBLIC        P7
  D:00A8H         PUBLIC        IE
  B:00A8H.4       PUBLIC        ES
  D:00B8H         PUBLIC        IP
  B:0098H.0       PUBLIC        RI
  C:4C14H         PUBLIC        UART1_int
  B:0098H.1       PUBLIC        TI
  D:00D8H         PUBLIC        CCON
  D:0099H         PUBLIC        SBUF
  D:0098H         PUBLIC        SCON
BL51 BANKED LINKER/LOCATER V6.22                                                      11/25/2020  20:13:27  PAGE 18


  C:4B95H         PUBLIC        UartInit
  D:0089H         PUBLIC        TMOD
  D:0088H         PUBLIC        TCON
  D:008EH         PUBLIC        AUXR
  B:0020H.3       PUBLIC        busy
  B:00A8H.3       PUBLIC        ET1
  D:008DH         PUBLIC        TH1
  C:0003H         PUBLIC        UartStartIT
  D:008BH         PUBLIC        TL1
  B:0088H.6       PUBLIC        TR1
  C:4C74H         PUBLIC        _UARTSendByte
  D:00D0H         PUBLIC        PSW
  -------         PROC          UARTINIT
  C:4B95H         LINE#         5
  C:4B95H         LINE#         6
  C:4B95H         LINE#         7
  C:4B98H         LINE#         8
  C:4B9BH         LINE#         9
  C:4B9EH         LINE#         10
  C:4BA1H         LINE#         11
  C:4BA4H         LINE#         12
  C:4BA7H         LINE#         13
  C:4BA9H         LINE#         14
  C:4BABH         LINE#         15
  -------         ENDPROC       UARTINIT
  -------         PROC          UARTSTARTIT
  C:0003H         LINE#         16
  C:0003H         LINE#         17
  C:0003H         LINE#         18
  C:0006H         LINE#         19
  C:0008H         LINE#         20
  C:000AH         LINE#         21
  -------         ENDPROC       UARTSTARTIT
  -------         PROC          _UARTSENDBYTE
  D:0007H         SYMBOL        byte
  C:4C74H         LINE#         23
  C:4C74H         LINE#         24
  C:4C74H         LINE#         26
  C:4C76H         LINE#         27
  C:4C78H         LINE#         28
  C:4C7BH         LINE#         29
  -------         ENDPROC       _UARTSENDBYTE
  -------         PROC          _UARTSENDSTR
  X:0348H         SYMBOL        str
  C:461CH         LINE#         30
  C:4627H         LINE#         31
  C:4627H         LINE#         32
  C:4637H         LINE#         33
  C:4637H         LINE#         34
  C:464CH         LINE#         35
  C:464EH         LINE#         36
  -------         ENDPROC       _UARTSENDSTR
  -------         PROC          UART1_INT
  C:4C14H         LINE#         47
  C:4C14H         LINE#         49
  C:4C17H         LINE#         50
  C:4C17H         LINE#         51
BL51 BANKED LINKER/LOCATER V6.22                                                      11/25/2020  20:13:27  PAGE 19


  C:4C19H         LINE#         52
  C:4C19H         LINE#         54
  C:4C1CH         LINE#         55
  C:4C1CH         LINE#         56
  C:4C1EH         LINE#         57
  C:4C20H         LINE#         58
  C:4C20H         LINE#         59
  -------         ENDPROC       UART1_INT
  -------         ENDMOD        UART

  -------         MODULE        DELAY
  C:0000H         SYMBOL        _ICE_DUMMY_
  D:0080H         PUBLIC        P0
  D:0090H         PUBLIC        P1
  D:00A0H         PUBLIC        P2
  D:00B0H         PUBLIC        P3
  D:00C0H         PUBLIC        P4
  C:4C6BH         PUBLIC        Delay1ms
  D:00C8H         PUBLIC        P5
  D:00E8H         PUBLIC        P6
  D:00F8H         PUBLIC        P7
  D:00A8H         PUBLIC        IE
  D:00B8H         PUBLIC        IP
  D:00D8H         PUBLIC        CCON
  D:0098H         PUBLIC        SCON
  D:0089H         PUBLIC        TMOD
  D:0088H         PUBLIC        TCON
  D:008EH         PUBLIC        AUXR
  B:00A8H.1       PUBLIC        ET0
  B:0088H.5       PUBLIC        TF0
  C:4BC2H         PUBLIC        Timer0Init
  D:008CH         PUBLIC        TH0
  D:008AH         PUBLIC        TL0
  C:000EH         PUBLIC        _delay_ms
  B:0088H.4       PUBLIC        TR0
  D:00D0H         PUBLIC        PSW
  -------         PROC          DELAY1MS
  -------         DO            
  D:0007H         SYMBOL        i
  D:0006H         SYMBOL        j
  -------         ENDDO         
  C:4C6BH         LINE#         4
  C:4C6BH         LINE#         5
  C:4C6BH         LINE#         8
  C:4C6DH         LINE#         9
  C:4C6FH         LINE#         11
  C:4C6FH         LINE#         12
  C:4C71H         LINE#         13
  C:4C73H         LINE#         14
  -------         ENDPROC       DELAY1MS
  -------         PROC          _DELAY_MS
  D:0004H         SYMBOL        t
  C:000EH         LINE#         17
  C:0012H         LINE#         18
  C:0012H         LINE#         19
  C:0021H         LINE#         20
  -------         ENDPROC       _DELAY_MS
BL51 BANKED LINKER/LOCATER V6.22                                                      11/25/2020  20:13:27  PAGE 20


  -------         PROC          TIMER0INIT
  C:4BC2H         LINE#         22
  C:4BC2H         LINE#         23
  C:4BC2H         LINE#         24
  C:4BC5H         LINE#         25
  C:4BC8H         LINE#         26
  C:4BCBH         LINE#         27
  C:4BCEH         LINE#         28
  C:4BD0H         LINE#         29
  C:4BD2H         LINE#         30
  C:4BD4H         LINE#         31
  -------         ENDPROC       TIMER0INIT
  -------         ENDMOD        DELAY

  -------         MODULE        PRINTF
  C:0000H         SYMBOL        _ICE_DUMMY_
  D:0080H         PUBLIC        P0
  D:0090H         PUBLIC        P1
  D:00A0H         PUBLIC        P2
  D:00B0H         PUBLIC        P3
  D:00C0H         PUBLIC        P4
  D:00C8H         PUBLIC        P5
  D:00E8H         PUBLIC        P6
  D:00F8H         PUBLIC        P7
  D:00A8H         PUBLIC        IE
  C:2FD7H         PUBLIC        _printf
  D:00B8H         PUBLIC        IP
  D:00D8H         PUBLIC        CCON
  D:0098H         PUBLIC        SCON
  D:0088H         PUBLIC        TCON
  C:379FH         PUBLIC        _Int2HexStr
  C:4465H         SYMBOL        _?ix1000
  C:4467H         SYMBOL        _?ix1001
  C:446FH         SYMBOL        _?ix1002
  C:4480H         SYMBOL        _?ix1003
  C:449EH         SYMBOL        _?ix1004
  C:1A03H         PUBLIC        _DoubletoStringSaveZheng
  C:4351H         PUBLIC        _finddat
  D:00D0H         PUBLIC        PSW
  -------         PROC          _DOUBLETOSTRINGSAVEZHENG
  X:0348H         SYMBOL        resultArray0
  X:034BH         SYMBOL        dat
  X:034FH         SYMBOL        precision
  -------         DO            
  X:0350H         SYMBOL        i
  X:0351H         SYMBOL        power
  X:0355H         SYMBOL        dat0
  X:0359H         SYMBOL        POWER
  -------         ENDDO         
  C:1A03H         LINE#         5
  C:1A12H         LINE#         6
  C:1A12H         LINE#         7
  C:1A17H         LINE#         8
  C:1A1FH         LINE#         9
  C:1A29H         LINE#         10
  C:1A33H         LINE#         11
  C:1A43H         LINE#         12
BL51 BANKED LINKER/LOCATER V6.22                                                      11/25/2020  20:13:27  PAGE 21


  C:1A43H         LINE#         13
  C:1A60H         LINE#         14
  C:1A68H         LINE#         16
  C:1AA0H         LINE#         17
  C:1AFFH         LINE#         18
  C:1B16H         LINE#         19
  C:1B3AH         LINE#         20
  C:1B76H         LINE#         21
  C:1B8DH         LINE#         22
  C:1BAEH         LINE#         23
  C:1BAEH         LINE#         24
  C:1BE1H         LINE#         25
  C:1C0EH         LINE#         26
  C:1C14H         LINE#         27
  C:1C32H         LINE#         28
  C:1C49H         LINE#         29
  C:1C53H         LINE#         31
  C:1CACH         LINE#         32
  C:1CC0H         LINE#         33
  C:1CDDH         LINE#         34
  C:1CDDH         LINE#         35
  C:1CF6H         LINE#         36
  C:1CF6H         LINE#         37
  C:1CF6H         LINE#         38
  C:1D14H         LINE#         39
  C:1D14H         LINE#         40
  C:1D47H         LINE#         41
  C:1D74H         LINE#         42
  C:1D7AH         LINE#         43
  C:1D98H         LINE#         47
  C:1DB0H         LINE#         49
  -------         ENDPROC       _DOUBLETOSTRINGSAVEZHENG
  -------         PROC          _FINDDAT
  X:0348H         SYMBOL        str
  -------         DO            
  X:034BH         SYMBOL        LenTyp
  D:0007H         SYMBOL        leng
  -------         ENDDO         
  C:4351H         LINE#         51
  C:435CH         LINE#         52
  C:435CH         LINE#         53
  C:436FH         LINE#         54
  C:4371H         LINE#         55
  C:4388H         LINE#         56
  C:4388H         LINE#         57
  C:4389H         LINE#         58
  C:438BH         LINE#         59
  C:4390H         LINE#         60
  C:4391H         LINE#         61
  C:43A8H         LINE#         63
  C:43AEH         LINE#         64
  -------         ENDPROC       _FINDDAT
  -------         PROC          _INT2HEXSTR
  X:0348H         SYMBOL        buf
  X:034BH         SYMBOL        dat
  -------         DO            
  X:034FH         SYMBOL        dat0
BL51 BANKED LINKER/LOCATER V6.22                                                      11/25/2020  20:13:27  PAGE 22


  X:0357H         SYMBOL        i
  X:0358H         SYMBOL        j
  X:0359H         SYMBOL        array
  -------         ENDDO         
  C:379FH         LINE#         68
  C:37AEH         LINE#         69
  C:37AEH         LINE#         70
  C:37C1H         LINE#         71
  C:37C6H         LINE#         72
  C:37C8H         LINE#         73
  C:37DAH         LINE#         74
  C:37EAH         LINE#         75
  C:37FDH         LINE#         78
  C:3811H         LINE#         79
  C:3811H         LINE#         80
  C:3836H         LINE#         81
  C:384FH         LINE#         82
  C:3855H         LINE#         83
  C:3857H         LINE#         84
  C:385DH         LINE#         85
  C:385DH         LINE#         86
  C:385FH         LINE#         87
  C:3888H         LINE#         88
  C:388EH         LINE#         89
  C:3890H         LINE#         90
  -------         ENDPROC       _INT2HEXSTR
  -------         PROC          _PRINTF
  X:02F7H         SYMBOL        str
  X:02FAH         SYMBOL        dat
  -------         DO            
  X:02FEH         SYMBOL        array
  X:0309H         SYMBOL        str1
  X:0327H         SYMBOL        str2
  X:0345H         SYMBOL        i
  D:0007H         SYMBOL        j
  X:0346H         SYMBOL        strucdat
  -------         ENDDO         
  C:2FD7H         LINE#         93
  C:2FE6H         LINE#         94
  C:2FE6H         LINE#         96
  C:2FF9H         LINE#         97
  C:300CH         LINE#         100
  C:3027H         LINE#         101
  C:3050H         LINE#         102
  C:306EH         LINE#         107
  C:309DH         LINE#         108
  C:309DH         LINE#         109
  C:30ACH         LINE#         110
  C:30B4H         LINE#         112
  C:30C7H         LINE#         113
  C:30C7H         LINE#         114
  C:30E7H         LINE#         115
  C:30EFH         LINE#         117
  C:30FFH         LINE#         118
  C:30FFH         LINE#         119
  C:310EH         LINE#         120
  C:3114H         LINE#         121
BL51 BANKED LINKER/LOCATER V6.22                                                      11/25/2020  20:13:27  PAGE 23


  C:3117H         LINE#         122
  C:3127H         LINE#         123
  C:3127H         LINE#         124
  C:3136H         LINE#         125
  C:313CH         LINE#         126
  C:313FH         LINE#         127
  C:314EH         LINE#         128
  -------         ENDPROC       _PRINTF
  -------         ENDMOD        PRINTF

  -------         MODULE        KEY
  C:0000H         SYMBOL        _ICE_DUMMY_
  D:0080H         PUBLIC        P0
  D:0090H         PUBLIC        P1
  D:00A0H         PUBLIC        P2
  D:00B0H         PUBLIC        P3
  D:00C0H         PUBLIC        P4
  D:00C8H         PUBLIC        P5
  D:00E8H         PUBLIC        P6
  D:00F8H         PUBLIC        P7
  D:00A8H         PUBLIC        IE
  C:47A0H         SYMBOL        _Get_Key_Press_Time
  C:2C36H         PUBLIC        _Key_Scan
  D:00B8H         PUBLIC        IP
  D:00D8H         PUBLIC        CCON
  D:0098H         PUBLIC        SCON
  D:0088H         PUBLIC        TCON
  C:4BE8H         PUBLIC        Get_sys_time
  D:00D0H         PUBLIC        PSW
  -------         PROC          GET_SYS_TIME
  C:4BE8H         LINE#         6
  C:4BE8H         LINE#         7
  C:4BE8H         LINE#         9
  C:4BF6H         LINE#         10
  -------         ENDPROC       GET_SYS_TIME
  -------         PROC          L?0020
  -------         ENDPROC       L?0020
  -------         PROC          _GET_KEY_PRESS_TIME
  X:02D6H         SYMBOL        last_time
  C:47A0H         LINE#         18
  C:47A6H         LINE#         19
  C:47A6H         LINE#         20
  C:47C4H         LINE#         21
  -------         ENDPROC       _GET_KEY_PRESS_TIME
  -------         PROC          _KEY_SCAN
  X:02CEH         SYMBOL        Key_State
  -------         DO            
  X:02D1H         SYMBOL        time
  X:02D5H         SYMBOL        key
  X:0460H         SYMBOL        flag
  -------         ENDDO         
  C:2C36H         LINE#         25
  C:2C41H         LINE#         26
  C:2C41H         LINE#         27
  C:2C49H         LINE#         28
  C:2C4EH         LINE#         31
  C:2C6DH         LINE#         32
BL51 BANKED LINKER/LOCATER V6.22                                                      11/25/2020  20:13:27  PAGE 24


  C:2C6DH         LINE#         33
  C:2C6DH         LINE#         34
  C:2C74H         LINE#         35
  C:2C7CH         LINE#         36
  C:2C7EH         LINE#         37
  C:2C7EH         LINE#         38
  C:2C83H         LINE#         39
  C:2C96H         LINE#         40
  C:2CA7H         LINE#         41
  C:2CA7H         LINE#         43
  C:2CA9H         LINE#         44
  C:2CA9H         LINE#         45
  C:2CAFH         LINE#         46
  C:2CAFH         LINE#         47
  C:2CB1H         LINE#         48
  C:2CC6H         LINE#         49
  C:2CCBH         LINE#         50
  C:2CCBH         LINE#         51
  C:2CCDH         LINE#         52
  C:2CCDH         LINE#         53
  C:2CD5H         LINE#         54
  C:2CD7H         LINE#         55
  C:2CD7H         LINE#         56
  C:2CEAH         LINE#         57
  C:2CEAH         LINE#         58
  C:2CEAH         LINE#         59
  C:2CEAH         LINE#         60
  C:2CEAH         LINE#         61
  C:2CEAH         LINE#         62
  C:2CFFH         LINE#         63
  C:2CFFH         LINE#         64
  C:2D08H         LINE#         65
  C:2D11H         LINE#         66
  C:2D32H         LINE#         67
  C:2D32H         LINE#         68
  C:2D34H         LINE#         69
  C:2D4AH         LINE#         70
  C:2D5EH         LINE#         72
  C:2D61H         LINE#         73
  C:2D79H         LINE#         74
  C:2D79H         LINE#         75
  C:2D7CH         LINE#         76
  C:2D85H         LINE#         77
  C:2D97H         LINE#         78
  C:2DC6H         LINE#         79
  C:2DC6H         LINE#         80
  C:2DDDH         LINE#         82
  C:2DDDH         LINE#         83
  C:2DEFH         LINE#         84
  C:2DFEH         LINE#         85
  C:2DFEH         LINE#         88
  C:2E10H         LINE#         89
  -------         ENDPROC       _KEY_SCAN
  -------         ENDMOD        KEY

  -------         MODULE        SMG
  C:0000H         SYMBOL        _ICE_DUMMY_
BL51 BANKED LINKER/LOCATER V6.22                                                      11/25/2020  20:13:27  PAGE 25


  D:0080H         PUBLIC        P0
  C:3E90H         PUBLIC        _Steam_Show
  D:0090H         PUBLIC        P1
  D:00A0H         PUBLIC        P2
  D:00B0H         PUBLIC        P3
  D:00C0H         PUBLIC        P4
  D:00C8H         PUBLIC        P5
  D:00E8H         PUBLIC        P6
  D:00F8H         PUBLIC        P7
  X:042BH         PUBLIC        smgbuf
  C:4B01H         PUBLIC        _ProLED_Show
  D:00A8H         PUBLIC        IE
  C:3D6FH         PUBLIC        _Time_Show
  D:00B8H         PUBLIC        IP
  C:406CH         PUBLIC        _Temp_Show
  D:00D8H         PUBLIC        CCON
  D:0098H         PUBLIC        SCON
  D:0088H         PUBLIC        TCON
  X:043BH         PUBLIC        smg
  C:46B3H         PUBLIC        _FAndFanLED_Show
  C:4512H         PUBLIC        _LED_Show
  C:45E0H         PUBLIC        _LED_MOD_Select
  C:4BF7H         PUBLIC        Key_led_off
  C:4C45H         PUBLIC        LedAlloff
  D:00D0H         PUBLIC        PSW
  -------         PROC          _TIME_SHOW
  D:0002H         SYMBOL        seconds
  -------         DO            
  X:02CEH         SYMBOL        minutes
  X:02CFH         SYMBOL        sec
  -------         ENDDO         
  C:3D6FH         LINE#         13
  C:3D73H         LINE#         14
  C:3D73H         LINE#         15
  C:3D79H         LINE#         16
  C:3D79H         LINE#         17
  C:3D7EH         LINE#         18
  C:3D80H         LINE#         19
  C:3D82H         LINE#         20
  C:3D84H         LINE#         21
  C:3D85H         LINE#         22
  C:3D85H         LINE#         24
  C:3D95H         LINE#         25
  C:3DA3H         LINE#         27
  C:3DC0H         LINE#         28
  C:3DD7H         LINE#         29
  C:3DEEH         LINE#         30
  C:3E03H         LINE#         31
  C:3E03H         LINE#         34
  -------         ENDPROC       _TIME_SHOW
  -------         PROC          _TEMP_SHOW
  D:0002H         SYMBOL        temp
  C:406CH         LINE#         37
  C:4070H         LINE#         38
  C:4070H         LINE#         39
  C:4076H         LINE#         40
  C:4076H         LINE#         41
BL51 BANKED LINKER/LOCATER V6.22                                                      11/25/2020  20:13:27  PAGE 26


  C:407BH         LINE#         42
  C:407DH         LINE#         43
  C:407FH         LINE#         44
  C:4080H         LINE#         45
  C:4080H         LINE#         46
  C:409AH         LINE#         47
  C:40C1H         LINE#         48
  C:40DBH         LINE#         49
  C:40DBH         LINE#         50
  -------         ENDPROC       _TEMP_SHOW
  -------         PROC          _STEAM_SHOW
  D:0002H         SYMBOL        seconds
  C:3E90H         LINE#         53
  C:3E94H         LINE#         54
  C:3E94H         LINE#         55
  C:3E9AH         LINE#         56
  C:3E9AH         LINE#         57
  C:3E9FH         LINE#         58
  C:3EA1H         LINE#         59
  C:3EA3H         LINE#         60
  C:3EA4H         LINE#         61
  C:3EA4H         LINE#         62
  C:3ECBH         LINE#         63
  C:3EF2H         LINE#         64
  C:3F0CH         LINE#         65
  C:3F0CH         LINE#         66
  -------         ENDPROC       _STEAM_SHOW
  -------         PROC          _LED_SHOW
  D:0007H         SYMBOL        num
  D:0005H         SYMBOL        on_off
  -------         DO            
  D:0006H         SYMBOL        bufpos
  D:0007H         SYMBOL        bufbit
  -------         ENDDO         
  C:4512H         LINE#         72
  C:4512H         LINE#         73
  C:4512H         LINE#         77
  C:4513H         LINE#         79
  C:451CH         LINE#         80
  C:4520H         LINE#         81
  C:4523H         LINE#         82
  C:4523H         LINE#         83
  C:453FH         LINE#         84
  C:4541H         LINE#         85
  C:4541H         LINE#         86
  C:4563H         LINE#         87
  C:4563H         LINE#         89
  -------         ENDPROC       _LED_SHOW
  -------         PROC          _PROLED_SHOW
  D:0007H         SYMBOL        on_off
  C:4B01H         LINE#         92
  C:4B01H         LINE#         93
  C:4B01H         LINE#         94
  C:4B04H         LINE#         95
  C:4B04H         LINE#         96
  C:4B0AH         LINE#         97
  C:4B0FH         LINE#         98
BL51 BANKED LINKER/LOCATER V6.22                                                      11/25/2020  20:13:27  PAGE 27


  C:4B10H         LINE#         99
  C:4B10H         LINE#         100
  C:4B15H         LINE#         101
  C:4B1AH         LINE#         102
  C:4B1AH         LINE#         103
  -------         ENDPROC       _PROLED_SHOW
  -------         PROC          KEY_LED_OFF
  C:4BF7H         LINE#         105
  C:4BF7H         LINE#         106
  C:4BF7H         LINE#         107
  C:4BFCH         LINE#         108
  C:4BFEH         LINE#         109
  C:4C00H         LINE#         110
  C:4C05H         LINE#         111
  -------         ENDPROC       KEY_LED_OFF
  -------         PROC          LEDALLOFF
  -------         DO            
  D:0007H         SYMBOL        i
  -------         ENDDO         
  C:4C45H         LINE#         113
  C:4C45H         LINE#         114
  C:4C45H         LINE#         115
  C:4C45H         LINE#         116
  C:4C45H         LINE#         117
  C:4C45H         LINE#         118
  C:4C4FH         LINE#         119
  C:4C4FH         LINE#         120
  -------         ENDPROC       LEDALLOFF
  -------         PROC          _FANDFANLED_SHOW
  D:0004H         SYMBOL        f
  D:0005H         SYMBOL        fan
  C:46B3H         LINE#         123
  C:46B5H         LINE#         124
  C:46B5H         LINE#         125
  C:46CBH         LINE#         126
  C:46E1H         LINE#         128
  -------         ENDPROC       _FANDFANLED_SHOW
  -------         PROC          _LED_MOD_SELECT
  D:0007H         SYMBOL        keyval
  C:45E0H         LINE#         131
  C:45E0H         LINE#         132
  C:45E0H         LINE#         134
  C:45E9H         LINE#         135
  C:45E9H         LINE#         136
  C:45EAH         LINE#         137
  C:45F0H         LINE#         138
  C:45F0H         LINE#         139
  C:45FFH         LINE#         140
  C:4602H         LINE#         141
  C:4603H         LINE#         142
  C:4603H         LINE#         143
  C:4607H         LINE#         144
  C:4616H         LINE#         145
  C:461BH         LINE#         146
  C:461BH         LINE#         149
  C:461BH         LINE#         150
  -------         ENDPROC       _LED_MOD_SELECT
BL51 BANKED LINKER/LOCATER V6.22                                                      11/25/2020  20:13:27  PAGE 28


  -------         ENDMOD        SMG

  -------         MODULE        EEPROM
  C:0000H         SYMBOL        _ICE_DUMMY_
  D:0080H         PUBLIC        P0
  D:0090H         PUBLIC        P1
  D:00A0H         PUBLIC        P2
  D:00B0H         PUBLIC        P3
  C:4C06H         PUBLIC        DisableEEPROM
  D:00C0H         PUBLIC        P4
  D:00C8H         PUBLIC        P5
  B:00A8H.7       PUBLIC        EA
  D:00E8H         PUBLIC        P6
  D:00F8H         PUBLIC        P7
  D:00A8H         PUBLIC        IE
  D:00C5H         PUBLIC        IAP_CMD
  C:4BD5H         PUBLIC        _EEPROM_SectorErase
  C:464FH         PUBLIC        _EEPROM_read_n
  D:00B8H         PUBLIC        IP
  D:00C3H         PUBLIC        IAP_ADDRH
  D:00D8H         PUBLIC        CCON
  D:00C4H         PUBLIC        IAP_ADDRL
  C:38ADH         PUBLIC        _EEPROM_write_n
  D:00F5H         PUBLIC        IAP_TPS
  D:0098H         PUBLIC        SCON
  D:0088H         PUBLIC        TCON
  C:4B22H         PUBLIC        EEPROM_Trig
  D:00C7H         PUBLIC        IAP_CONTR
  D:00C2H         PUBLIC        IAP_DATA
  C:4681H         PUBLIC        _EEPROM_write_Zero
  D:00C6H         PUBLIC        IAP_TRIG
  B:00D0H.5       PUBLIC        F0
  D:00D0H         PUBLIC        PSW
  -------         PROC          DISABLEEEPROM
  C:4C06H         LINE#         28
  C:4C06H         LINE#         29
  C:4C06H         LINE#         30
  C:4C09H         LINE#         31
  C:4C0BH         LINE#         32
  C:4C0DH         LINE#         33
  C:4C10H         LINE#         34
  C:4C13H         LINE#         35
  -------         ENDPROC       DISABLEEEPROM
  C:4B1BH         SYMBOL        L?0027
  -------         PROC          L?0026
  -------         ENDPROC       L?0026
  C:4B1BH         SYMBOL        L?0027
  -------         PROC          EEPROM_TRIG
  C:4B22H         LINE#         44
  C:4B22H         LINE#         45
  C:4B22H         LINE#         46
  C:4B26H         LINE#         47
  C:4B28H         LINE#         48
  C:4B2BH         LINE#         49
  C:4B2EH         LINE#         52
  C:4B2FH         LINE#         53
  C:4B30H         LINE#         54
BL51 BANKED LINKER/LOCATER V6.22                                                      11/25/2020  20:13:27  PAGE 29


  C:4B34H         LINE#         55
  -------         ENDPROC       EEPROM_TRIG
  -------         PROC          _EEPROM_SECTORERASE
  D:0004H         SYMBOL        EE_address
  C:4BD5H         LINE#         64
  C:4BD9H         LINE#         65
  C:4BD9H         LINE#         66
  C:4BDFH         LINE#         67
  C:4BE2H         LINE#         70
  C:4BE2H         LINE#         71
  C:4BE2H         LINE#         72
  C:4BE5H         LINE#         73
  -------         ENDPROC       _EEPROM_SECTORERASE
  -------         PROC          _EEPROM_READ_N
  D:0004H         SYMBOL        EE_address
  D:0001H         SYMBOL        DataAddress
  X:02E7H         SYMBOL        length
  C:464FH         LINE#         85
  C:4653H         LINE#         86
  C:4653H         LINE#         87
  C:4659H         LINE#         88
  C:465CH         LINE#         90
  C:465CH         LINE#         91
  C:465CH         LINE#         92
  C:465CH         LINE#         93
  C:465FH         LINE#         94
  C:4664H         LINE#         95
  C:4669H         LINE#         96
  C:4670H         LINE#         97
  C:467EH         LINE#         99
  -------         ENDPROC       _EEPROM_READ_N
  -------         PROC          _EEPROM_WRITE_N
  D:0004H         SYMBOL        EE_address
  X:02E4H         SYMBOL        DataAddress
  X:02E7H         SYMBOL        length
  -------         DO            
  X:02E9H         SYMBOL        i
  X:02EAH         SYMBOL        j
  X:02ECH         SYMBOL        p
  -------         ENDDO         
  C:38ADH         LINE#         112
  C:38BCH         LINE#         113
  C:38BCH         LINE#         118
  C:38C8H         LINE#         120
  C:38CEH         LINE#         121
  C:38D3H         LINE#         122
  C:38D9H         LINE#         123
  C:38EEH         LINE#         124
  C:38F1H         LINE#         126
  C:38F1H         LINE#         127
  C:38F4H         LINE#         128
  C:38F8H         LINE#         129
  C:3908H         LINE#         130
  C:390BH         LINE#         131
  C:3910H         LINE#         132
  C:391AH         LINE#         133
  C:3928H         LINE#         135
BL51 BANKED LINKER/LOCATER V6.22                                                      11/25/2020  20:13:27  PAGE 30


  C:3930H         LINE#         136
  C:393DH         LINE#         137
  C:3952H         LINE#         138
  C:3957H         LINE#         139
  C:395AH         LINE#         141
  C:395AH         LINE#         142
  C:395AH         LINE#         143
  C:395AH         LINE#         144
  C:395DH         LINE#         145
  C:396FH         LINE#         146
  C:396FH         LINE#         147
  C:3975H         LINE#         148
  C:3977H         LINE#         149
  C:3977H         LINE#         150
  C:397CH         LINE#         151
  C:3986H         LINE#         152
  C:3994H         LINE#         154
  C:3997H         LINE#         155
  C:399CH         LINE#         156
  -------         ENDPROC       _EEPROM_WRITE_N
  -------         PROC          _EEPROM_WRITE_ZERO
  D:0004H         SYMBOL        EE_address
  -------         DO            
  D:0002H         SYMBOL        i
  -------         ENDDO         
  C:4681H         LINE#         159
  C:4685H         LINE#         160
  C:4685H         LINE#         162
  C:468BH         LINE#         163
  C:468FH         LINE#         164
  C:4692H         LINE#         166
  C:4692H         LINE#         167
  C:4695H         LINE#         168
  C:4699H         LINE#         169
  C:469CH         LINE#         170
  C:469FH         LINE#         171
  C:46A4H         LINE#         172
  C:46ADH         LINE#         173
  C:46B0H         LINE#         174
  C:46B2H         LINE#         175
  -------         ENDPROC       _EEPROM_WRITE_ZERO
  -------         ENDMOD        EEPROM

  -------         MODULE        ADDPROCESSTASK
  C:0000H         SYMBOL        _ICE_DUMMY_
  C:48F2H         PUBLIC        Fun_KeyGroup8
  C:491DH         PUBLIC        Fun_KeyGroup9
  D:0080H         PUBLIC        P0
  D:0090H         PUBLIC        P1
  D:00A0H         PUBLIC        P2
  X:03D1H         PUBLIC        twinkel
  D:00B0H         PUBLIC        P3
  D:00C0H         PUBLIC        P4
  D:00C8H         PUBLIC        P5
  D:00E8H         PUBLIC        P6
  D:00F8H         PUBLIC        P7
  D:00A8H         PUBLIC        IE
BL51 BANKED LINKER/LOCATER V6.22                                                      11/25/2020  20:13:27  PAGE 31


  D:00B8H         PUBLIC        IP
  D:00D8H         PUBLIC        CCON
  C:4948H         PUBLIC        Fun_KeyGroup10
  C:4973H         PUBLIC        Fun_KeyGroup11
  C:499EH         PUBLIC        Fun_KeyGroup12
  D:0098H         PUBLIC        SCON
  D:0088H         PUBLIC        TCON
  C:4B65H         PUBLIC        Fun_KeySteamAdd
  C:414CH         PUBLIC        GroupDatInit
  C:47C5H         PUBLIC        Fun_KeySave
  X:03D7H         SYMBOL        keyArray
  C:4B35H         PUBLIC        Fun_KeyTimeAdd
  C:4B4DH         PUBLIC        Fun_KeyTempAdd
  C:42EFH         PUBLIC        Fun_ShowFun
  C:4AE6H         PUBLIC        ClearFlash
  C:4740H         PUBLIC        Fun_KeySteamSub
  C:428CH         PUBLIC        _Fun_KeyFun
  C:440CH         PUBLIC        Fun_KeyFunAdd
  C:46E2H         PUBLIC        Fun_KeyTimeSub
  C:49C9H         PUBLIC        Fun_KeyGroup1
  C:47F0H         PUBLIC        Fun_KeyGroup2
  C:481BH         PUBLIC        Fun_KeyGroup3
  C:4846H         PUBLIC        Fun_KeyGroup4
  C:4711H         PUBLIC        Fun_KeyTempSub
  D:00D0H         PUBLIC        PSW
  C:45A3H         PUBLIC        Fun_KeyF
  C:4871H         PUBLIC        Fun_KeyGroup5
  C:489CH         PUBLIC        Fun_KeyGroup6
  C:48C7H         PUBLIC        Fun_KeyGroup7
  -------         PROC          CLEARFLASH
  -------         DO            
  X:02CFH         SYMBOL        i
  -------         ENDDO         
  C:4AE6H         LINE#         15
  C:4AE6H         LINE#         16
  C:4AE6H         LINE#         17
  C:4AEDH         LINE#         18
  C:4AF3H         LINE#         19
  C:4AFAH         LINE#         20
  -------         ENDPROC       CLEARFLASH
  -------         PROC          GROUPDATINIT
  -------         DO            
  X:02CEH         SYMBOL        initdat
  -------         ENDDO         
  C:414CH         LINE#         23
  C:414CH         LINE#         24
  C:414CH         LINE#         25
  C:4151H         LINE#         26
  C:4155H         LINE#         27
  C:4159H         LINE#         28
  C:416CH         LINE#         29
  C:4174H         LINE#         30
  C:4174H         LINE#         31
  C:4177H         LINE#         32
  C:418BH         LINE#         34
  C:418EH         LINE#         35
  C:4197H         LINE#         36
BL51 BANKED LINKER/LOCATER V6.22                                                      11/25/2020  20:13:27  PAGE 32


  C:4197H         LINE#         38
  C:41B0H         LINE#         39
  C:41B9H         LINE#         40
  -------         ENDPROC       GROUPDATINIT
  -------         PROC          FUN_KEYTIMEADD
  C:4B35H         LINE#         43
  C:4B35H         LINE#         44
  C:4B35H         LINE#         45
  -------         ENDPROC       FUN_KEYTIMEADD
  -------         PROC          FUN_KEYTIMESUB
  C:46E2H         LINE#         49
  C:46E2H         LINE#         50
  C:46E2H         LINE#         51
  C:46FBH         LINE#         52
  C:4710H         LINE#         53
  -------         ENDPROC       FUN_KEYTIMESUB
  -------         PROC          FUN_KEYTEMPADD
  C:4B4DH         LINE#         56
  C:4B4DH         LINE#         57
  C:4B4DH         LINE#         58
  -------         ENDPROC       FUN_KEYTEMPADD
  -------         PROC          FUN_KEYTEMPSUB
  C:4711H         LINE#         62
  C:4711H         LINE#         63
  C:4711H         LINE#         64
  C:472AH         LINE#         65
  C:473FH         LINE#         66
  -------         ENDPROC       FUN_KEYTEMPSUB
  -------         PROC          FUN_KEYSTEAMADD
  C:4B65H         LINE#         69
  C:4B65H         LINE#         70
  C:4B65H         LINE#         71
  -------         ENDPROC       FUN_KEYSTEAMADD
  -------         PROC          FUN_KEYSTEAMSUB
  C:4740H         LINE#         75
  C:4740H         LINE#         76
  C:4740H         LINE#         77
  C:4759H         LINE#         78
  C:476EH         LINE#         80
  -------         ENDPROC       FUN_KEYSTEAMSUB
  -------         PROC          FUN_KEYFUNADD
  C:440CH         LINE#         83
  C:440CH         LINE#         84
  C:440CH         LINE#         85
  C:4421H         LINE#         86
  C:4433H         LINE#         87
  C:4445H         LINE#         88
  -------         ENDPROC       FUN_KEYFUNADD
  -------         PROC          FUN_KEYSAVE
  C:47C5H         LINE#         94
  C:47C5H         LINE#         95
  C:47C5H         LINE#         96
  C:47E7H         LINE#         99
  -------         ENDPROC       FUN_KEYSAVE
  -------         PROC          FUN_KEYGROUP1
  C:49C9H         LINE#         103
  C:49C9H         LINE#         104
BL51 BANKED LINKER/LOCATER V6.22                                                      11/25/2020  20:13:27  PAGE 33


  C:49C9H         LINE#         105
  C:49CEH         LINE#         106
  C:49D2H         LINE#         107
  -------         ENDPROC       FUN_KEYGROUP1
  -------         PROC          FUN_KEYGROUP2
  C:47F0H         LINE#         112
  C:47F0H         LINE#         113
  C:47F0H         LINE#         114
  C:47F6H         LINE#         115
  C:47FBH         LINE#         116
  -------         ENDPROC       FUN_KEYGROUP2
  -------         PROC          FUN_KEYGROUP3
  C:481BH         LINE#         119
  C:481BH         LINE#         120
  C:481BH         LINE#         121
  C:4821H         LINE#         122
  C:4826H         LINE#         123
  -------         ENDPROC       FUN_KEYGROUP3
  -------         PROC          FUN_KEYGROUP4
  C:4846H         LINE#         126
  C:4846H         LINE#         127
  C:4846H         LINE#         128
  C:484CH         LINE#         129
  C:4851H         LINE#         130
  -------         ENDPROC       FUN_KEYGROUP4
  -------         PROC          FUN_KEYGROUP5
  C:4871H         LINE#         133
  C:4871H         LINE#         134
  C:4871H         LINE#         135
  C:4877H         LINE#         136
  C:487CH         LINE#         137
  -------         ENDPROC       FUN_KEYGROUP5
  -------         PROC          FUN_KEYGROUP6
  C:489CH         LINE#         140
  C:489CH         LINE#         141
  C:489CH         LINE#         142
  C:48A2H         LINE#         143
  C:48A7H         LINE#         144
  -------         ENDPROC       FUN_KEYGROUP6
  -------         PROC          FUN_KEYGROUP7
  C:48C7H         LINE#         147
  C:48C7H         LINE#         148
  C:48C7H         LINE#         149
  C:48CDH         LINE#         150
  C:48D2H         LINE#         151
  -------         ENDPROC       FUN_KEYGROUP7
  -------         PROC          FUN_KEYGROUP8
  C:48F2H         LINE#         154
  C:48F2H         LINE#         155
  C:48F2H         LINE#         156
  C:48F8H         LINE#         157
  C:48FDH         LINE#         158
  -------         ENDPROC       FUN_KEYGROUP8
  -------         PROC          FUN_KEYGROUP9
  C:491DH         LINE#         162
  C:491DH         LINE#         163
  C:491DH         LINE#         164
BL51 BANKED LINKER/LOCATER V6.22                                                      11/25/2020  20:13:27  PAGE 34


  C:4923H         LINE#         165
  C:4928H         LINE#         166
  -------         ENDPROC       FUN_KEYGROUP9
  -------         PROC          FUN_KEYGROUP10
  C:4948H         LINE#         170
  C:4948H         LINE#         171
  C:4948H         LINE#         172
  C:494EH         LINE#         173
  C:4953H         LINE#         174
  -------         ENDPROC       FUN_KEYGROUP10
  -------         PROC          FUN_KEYGROUP11
  C:4973H         LINE#         178
  C:4973H         LINE#         179
  C:4973H         LINE#         180
  C:4979H         LINE#         181
  C:497EH         LINE#         182
  -------         ENDPROC       FUN_KEYGROUP11
  -------         PROC          FUN_KEYGROUP12
  C:499EH         LINE#         186
  C:499EH         LINE#         187
  C:499EH         LINE#         188
  C:49A4H         LINE#         189
  C:49A9H         LINE#         190
  -------         ENDPROC       FUN_KEYGROUP12
  -------         PROC          FUN_KEYF
  C:45A3H         LINE#         194
  C:45A3H         LINE#         195
  C:45A3H         LINE#         196
  C:45A9H         LINE#         197
  C:45B1H         LINE#         198
  C:45C0H         LINE#         199
  -------         ENDPROC       FUN_KEYF
  -------         PROC          _FUN_KEYFUN
  X:02D1H         SYMBOL        keyval
  -------         DO            
  X:02D2H         SYMBOL        i
  -------         ENDDO         
  C:428CH         LINE#         226
  C:4291H         LINE#         227
  C:4291H         LINE#         228
  C:4296H         LINE#         229
  C:42ACH         LINE#         230
  C:42ACH         LINE#         231
  C:42DEH         LINE#         232
  C:42EEH         LINE#         233
  -------         ENDPROC       _FUN_KEYFUN
  -------         PROC          FUN_SHOWFUN
  C:42EFH         LINE#         238
  C:42EFH         LINE#         239
  C:42EFH         LINE#         240
  C:4308H         LINE#         241
  C:4321H         LINE#         242
  C:433AH         LINE#         245
  -------         ENDPROC       FUN_SHOWFUN
  -------         ENDMOD        ADDPROCESSTASK

  -------         MODULE        MYFLASH
BL51 BANKED LINKER/LOCATER V6.22                                                      11/25/2020  20:13:27  PAGE 35


  C:0000H         SYMBOL        _ICE_DUMMY_
  D:0080H         PUBLIC        P0
  D:0090H         PUBLIC        P1
  D:00A0H         PUBLIC        P2
  D:00B0H         PUBLIC        P3
  D:00C0H         PUBLIC        P4
  D:00C8H         PUBLIC        P5
  D:00E8H         PUBLIC        P6
  D:00F8H         PUBLIC        P7
  D:00A8H         PUBLIC        IE
  D:00B8H         PUBLIC        IP
  D:00D8H         PUBLIC        CCON
  D:0098H         PUBLIC        SCON
  D:0088H         PUBLIC        TCON
  C:2A05H         PUBLIC        _Flash_Read
  C:2112H         PUBLIC        _Flash_Write
  C:2E21H         PUBLIC        _mymemcpy
  D:00D0H         PUBLIC        PSW
  C:2E16H         SYMBOL        L?0029
  C:2E19H         SYMBOL        L?0030
  -------         PROC          L?0028
  -------         ENDPROC       L?0028
  C:2E16H         SYMBOL        L?0029
  C:2E19H         SYMBOL        L?0030
[...]
BL51 BANKED LINKER/LOCATER V6.22                                                      11/25/2020  20:13:27  PAGE 48


  D:0001H         SYMBOL        param
  C:4C2DH         LINE#         147
  C:4C2DH         LINE#         148
  C:4C2DH         LINE#         149
  -------         ENDPROC       _SHOW_TEMPERATURE
  -------         PROC          _SHOW_STEAMTIME
  D:0001H         SYMBOL        param
  C:4C39H         LINE#         153
  C:4C39H         LINE#         154
  C:4C39H         LINE#         155
  -------         ENDPROC       _SHOW_STEAMTIME
  -------         PROC          _CLOSE_KEYFUN
  X:02CEH         SYMBOL        param
  C:3CD4H         LINE#         160
  C:3CDFH         LINE#         161
  C:3CDFH         LINE#         164
  C:3CF2H         LINE#         165
  C:3CF2H         LINE#         166
  C:3CF5H         LINE#         167
  C:3CF5H         LINE#         168
  C:3D0CH         LINE#         170
  C:3D0EH         LINE#         172
  C:3D0EH         LINE#         173
  C:3D2DH         LINE#         174
  C:3D42H         LINE#         175
  C:3D42H         LINE#         176
  C:3D42H         LINE#         177
  C:3D5CH         LINE#         178
  C:3D5CH         LINE#         188
  C:3D5CH         LINE#         189
  C:3D5CH         LINE#         191
  C:3D6EH         LINE#         193
  C:3D6EH         LINE#         194
  -------         ENDPROC       _CLOSE_KEYFUN
  -------         PROC          _CLOSE_TIMESHOW
  D:0001H         SYMBOL        param
  C:4B7DH         LINE#         196
  C:4B7DH         LINE#         197
  C:4B7DH         LINE#         198
  C:4B89H         LINE#         199
  C:4B8EH         LINE#         200
  C:4B90H         LINE#         201
  C:4B92H         LINE#         202
  C:4B94H         LINE#         203
  -------         ENDPROC       _CLOSE_TIMESHOW
  -------         PROC          _CLOSETEMPSHOW
  D:0001H         SYMBOL        param
  C:4A19H         LINE#         205
  C:4A19H         LINE#         206
  C:4A19H         LINE#         207
  C:4A25H         LINE#         208
  C:4A28H         LINE#         209
  C:4A30H         LINE#         210
  C:4A38H         LINE#         211
  C:4A3AH         LINE#         212
  -------         ENDPROC       _CLOSETEMPSHOW
  -------         PROC          _CLOSESTEAMSHOW
BL51 BANKED LINKER/LOCATER V6.22                                                      11/25/2020  20:13:27  PAGE 49


  D:0001H         SYMBOL        param
  C:4BACH         LINE#         214
  C:4BACH         LINE#         215
  C:4BACH         LINE#         216
  C:4BB8H         LINE#         217
  C:4BBDH         LINE#         218
  C:4BBFH         LINE#         219
  C:4BC1H         LINE#         220
  -------         ENDPROC       _CLOSESTEAMSHOW
  -------         ENDMOD        INTERFACE

  -------         MODULE        LIST4_MALLOC
  C:0000H         SYMBOL        _ICE_DUMMY_
  D:0080H         PUBLIC        P0
  D:0090H         PUBLIC        P1
  D:00A0H         PUBLIC        P2
  D:00B0H         PUBLIC        P3
  D:00C0H         PUBLIC        P4
  D:00C8H         PUBLIC        P5
  C:3B5BH         PUBLIC        _List4_Malloc_Init
  D:00E8H         PUBLIC        P6
  D:00F8H         PUBLIC        P7
  D:00A8H         PUBLIC        IE
  C:1DB1H         PUBLIC        _List4_Malloc
  C:4564H         PUBLIC        _List4_Malloc_Zero
  D:00B8H         PUBLIC        IP
  C:274FH         PUBLIC        _List4_InsertBlock
  D:00D8H         PUBLIC        CCON
  X:0000H         PUBLIC        list4mess
  D:0098H         PUBLIC        SCON
  D:0088H         PUBLIC        TCON
  C:0C1FH         PUBLIC        _List4_Free
  C:341DH         PUBLIC        _ClearMalloc
  X:000DH         PUBLIC        list4mallocArray
  D:00D0H         PUBLIC        PSW
  -------         PROC          _LIST4_MALLOC_INIT
  X:02CEH         SYMBOL        mess
  X:02D1H         SYMBOL        mallocAddr
  X:02D4H         SYMBOL        length
  C:3B5BH         LINE#         10
  C:3B66H         LINE#         11
  C:3B66H         LINE#         12
  C:3B83H         LINE#         13
  C:3BB1H         LINE#         14
  C:3BD3H         LINE#         15
  C:3BE8H         LINE#         17
  C:3BFCH         LINE#         18
  -------         ENDPROC       _LIST4_MALLOC_INIT
  -------         PROC          L?0065
  -------         ENDPROC       L?0065
  -------         PROC          _LIST4_INSERTBLOCK
  X:02F7H         SYMBOL        mess
  X:02FAH         SYMBOL        addr
  -------         DO            
  X:02FDH         SYMBOL        current
  X:0300H         SYMBOL        thisaddr
  X:0303H         SYMBOL        back
BL51 BANKED LINKER/LOCATER V6.22                                                      11/25/2020  20:13:27  PAGE 50


  -------         ENDDO         
  C:274FH         LINE#         26
  C:275AH         LINE#         27
  C:275AH         LINE#         28
  C:276BH         LINE#         29
  C:2780H         LINE#         30
  C:2787H         LINE#         31
  C:27C2H         LINE#         32
  C:27C2H         LINE#         33
  C:27E4H         LINE#         34
  C:2814H         LINE#         36
  C:2814H         LINE#         37
  C:283DH         LINE#         38
  C:283DH         LINE#         39
  C:288FH         LINE#         40
  C:288FH         LINE#         41
  C:28BFH         LINE#         42
  C:28EFH         LINE#         44
  C:28EFH         LINE#         45
  C:2904H         LINE#         46
  C:2935H         LINE#         47
  C:2938H         LINE#         48
  C:296DH         LINE#         49
  C:296DH         LINE#         50
  C:298FH         LINE#         51
  C:29A2H         LINE#         52
  C:29A4H         LINE#         53
  C:29A4H         LINE#         54
  C:29D4H         LINE#         55
  C:2A04H         LINE#         56
  C:2A04H         LINE#         57
  -------         ENDPROC       _LIST4_INSERTBLOCK
  -------         PROC          _LIST4_MALLOC
  X:02E7H         SYMBOL        mess
  X:02EAH         SYMBOL        length
  -------         DO            
  X:02ECH         SYMBOL        current
  X:02EFH         SYMBOL        back
  -------         ENDDO         
  C:1DB1H         LINE#         62
  C:1DC4H         LINE#         63
  C:1DC4H         LINE#         64
  C:1DD5H         LINE#         65
  C:1DDEH         LINE#         67
  C:1E19H         LINE#         68
  C:1E19H         LINE#         70
  C:1E1DH         LINE#         71
  C:1E1DH         LINE#         73
  C:1E3DH         LINE#         74
  C:1E3DH         LINE#         75
  C:1E48H         LINE#         76
  C:1E70H         LINE#         77
  C:1EA8H         LINE#         78
  C:1EA8H         LINE#         80
  C:1EBCH         LINE#         82
  C:1EC3H         LINE#         83
  C:1EC3H         LINE#         84
BL51 BANKED LINKER/LOCATER V6.22                                                      11/25/2020  20:13:27  PAGE 51


  C:1EC3H         LINE#         85
  C:1EEAH         LINE#         86
  C:1F34H         LINE#         87
  C:1F34H         LINE#         89
  C:1F6EH         LINE#         90
  C:1FB3H         LINE#         91
  C:1FEBH         LINE#         92
  C:1FEBH         LINE#         93
  C:200AH         LINE#         94
  C:2031H         LINE#         95
  C:204BH         LINE#         96
  C:2061H         LINE#         97
  C:2064H         LINE#         98
  C:2064H         LINE#         99
  C:207AH         LINE#         100
  C:20EEH         LINE#         101
  C:20EEH         LINE#         103
  C:2111H         LINE#         104
  -------         ENDPROC       _LIST4_MALLOC
  -------         PROC          _LIST4_FREE
  X:02E2H         SYMBOL        mess
  X:02E5H         SYMBOL        addr
  -------         DO            
  X:02E8H         SYMBOL        current
  X:02EBH         SYMBOL        thisaddr
  X:02EEH         SYMBOL        back
  X:02F1H         SYMBOL        pbefor
  X:02F4H         SYMBOL        pback
  -------         ENDDO         
  C:0C1FH         LINE#         110
  C:0C2AH         LINE#         111
  C:0C2AH         LINE#         112
  C:0C46H         LINE#         113
  C:0C72H         LINE#         114
  C:0C87H         LINE#         115
  C:0C8EH         LINE#         116
  C:0C97H         LINE#         119
  C:0D2FH         LINE#         120
  C:0D2FH         LINE#         121
  C:0D49H         LINE#         123
  C:0D49H         LINE#         124
  C:0D81H         LINE#         125
  C:0D81H         LINE#         126
  C:0DEBH         LINE#         127
  C:0DEBH         LINE#         129
  C:0E00H         LINE#         130
  C:0E74H         LINE#         131
  C:0ECAH         LINE#         132
  C:0ECCH         LINE#         133
  C:0ECCH         LINE#         134
  C:0EE1H         LINE#         135
  C:0F12H         LINE#         136
  C:0F15H         LINE#         139
  C:0F31H         LINE#         140
  C:0F37H         LINE#         141
  C:0F6FH         LINE#         142
  C:0F6FH         LINE#         143
BL51 BANKED LINKER/LOCATER V6.22                                                      11/25/2020  20:13:27  PAGE 52


  C:0FD9H         LINE#         144
  C:0FD9H         LINE#         146
  C:0FEEH         LINE#         147
  C:1062H         LINE#         148
  C:10B8H         LINE#         149
  C:10BAH         LINE#         150
  C:10BAH         LINE#         151
  C:10CFH         LINE#         152
  C:1100H         LINE#         153
  C:1103H         LINE#         155
  C:1124H         LINE#         156
  C:1124H         LINE#         157
  C:1134H         LINE#         158
  C:1134H         LINE#         159
  C:116AH         LINE#         160
  C:116AH         LINE#         161
  C:117AH         LINE#         162
  C:117AH         LINE#         163
  C:11B0H         LINE#         164
  C:11C5H         LINE#         165
  C:11C5H         LINE#         166
  C:11C5H         LINE#         167
  C:11E0H         LINE#         169
  -------         ENDPROC       _LIST4_FREE
  -------         PROC          _CLEARMALLOC
  X:02E7H         SYMBOL        pdat
  X:02EAH         SYMBOL        length
  -------         DO            
  X:02EEH         SYMBOL        i
  X:02F2H         SYMBOL        temp
  X:02F6H         SYMBOL        pd
  -------         ENDDO         
  C:341DH         LINE#         172
  C:342CH         LINE#         173
  C:342CH         LINE#         174
  C:3436H         LINE#         175
  C:3453H         LINE#         176
  C:3468H         LINE#         177
  C:34DDH         LINE#         178
  C:34F4H         LINE#         179
  C:3554H         LINE#         181
  -------         ENDPROC       _CLEARMALLOC
  -------         PROC          _LIST4_MALLOC_ZERO
  D:0001H         SYMBOL        mess
  X:02E2H         SYMBOL        length
  -------         DO            
  X:02E4H         SYMBOL        pdat
  -------         ENDDO         
  C:4564H         LINE#         183
  C:456CH         LINE#         184
  C:456CH         LINE#         185
  C:457AH         LINE#         186
  C:457EH         LINE#         187
  C:457EH         LINE#         188
  C:4597H         LINE#         189
  C:4597H         LINE#         190
  C:45A2H         LINE#         191
BL51 BANKED LINKER/LOCATER V6.22                                                      11/25/2020  20:13:27  PAGE 53


  -------         ENDPROC       _LIST4_MALLOC_ZERO
  -------         ENDMOD        LIST4_MALLOC

  -------         MODULE        ?C?FPADD
  C:00A5H         PUBLIC        ?C?FPADD
  C:00A1H         PUBLIC        ?C?FPSUB
  -------         ENDMOD        ?C?FPADD

  -------         MODULE        ?C?FPMUL
  C:0196H         PUBLIC        ?C?FPMUL
  -------         ENDMOD        ?C?FPMUL

  -------         MODULE        ?C?FPDIV
  C:029FH         PUBLIC        ?C?FPDIV
  -------         ENDMOD        ?C?FPDIV

  -------         MODULE        ?C?FPCMP
  C:033EH         PUBLIC        ?C?FPCMP
  C:033CH         PUBLIC        ?C?FPCMP3
  -------         ENDMOD        ?C?FPCMP

  -------         MODULE        ?C?FCAST
  C:03B3H         PUBLIC        ?C?FCASTC
  C:03AEH         PUBLIC        ?C?FCASTI
  C:03A9H         PUBLIC        ?C?FCASTL
  -------         ENDMOD        ?C?FCAST

  -------         MODULE        ?C?CASTF
  C:03E7H         PUBLIC        ?C?CASTF
  -------         ENDMOD        ?C?CASTF

  -------         MODULE        ?C?COPY
  C:0538H         PUBLIC        ?C?COPY
  -------         ENDMOD        ?C?COPY

  -------         MODULE        ?C?CLDPTR
  C:055EH         PUBLIC        ?C?CLDPTR
  -------         ENDMOD        ?C?CLDPTR

  -------         MODULE        ?C?CLDOPTR
  C:0577H         PUBLIC        ?C?CLDOPTR
  -------         ENDMOD        ?C?CLDOPTR

  -------         MODULE        ?C?CSTPTR
  C:05A4H         PUBLIC        ?C?CSTPTR
  -------         ENDMOD        ?C?CSTPTR

  -------         MODULE        ?C?CSTOPTR
  C:05B6H         PUBLIC        ?C?CSTOPTR
  -------         ENDMOD        ?C?CSTOPTR

  -------         MODULE        ?C?UIDIV
  C:05D8H         PUBLIC        ?C?UIDIV
  -------         ENDMOD        ?C?UIDIV

  -------         MODULE        ?C?SIDIV
  C:062DH         PUBLIC        ?C?SIDIV
BL51 BANKED LINKER/LOCATER V6.22                                                      11/25/2020  20:13:27  PAGE 54


  -------         ENDMOD        ?C?SIDIV

  -------         MODULE        ?C?IILDX
  C:0663H         PUBLIC        ?C?IILDX
  -------         ENDMOD        ?C?IILDX

  -------         MODULE        ?C?ILDIX
  C:0679H         PUBLIC        ?C?ILDIX
  -------         ENDMOD        ?C?ILDIX

  -------         MODULE        ?C?ILDPTR
  C:068FH         PUBLIC        ?C?ILDPTR
  -------         ENDMOD        ?C?ILDPTR

  -------         MODULE        ?C?ILDOPTR
  C:06BAH         PUBLIC        ?C?ILDOPTR
  -------         ENDMOD        ?C?ILDOPTR

  -------         MODULE        ?C?IILDPTR
  C:06F2H         PUBLIC        ?C?IILDPTR
  -------         ENDMOD        ?C?IILDPTR

  -------         MODULE        ?C?ISTPTR
  C:072AH         PUBLIC        ?C?ISTPTR
  -------         ENDMOD        ?C?ISTPTR

  -------         MODULE        ?C?ISTOPTR
  C:0749H         PUBLIC        ?C?ISTOPTR
  -------         ENDMOD        ?C?ISTOPTR

  -------         MODULE        ?C?LMUL
  C:0776H         PUBLIC        ?C?LMUL
  -------         ENDMOD        ?C?LMUL

  -------         MODULE        ?C?ULDIV
  C:0801H         PUBLIC        ?C?ULDIV
  -------         ENDMOD        ?C?ULDIV

  -------         MODULE        ?C?LNEG
  C:0893H         PUBLIC        ?C?LNEG
  -------         ENDMOD        ?C?LNEG

  -------         MODULE        ?C?ULCMP
  C:08A1H         PUBLIC        ?C?ULCMP
  -------         ENDMOD        ?C?ULCMP

  -------         MODULE        ?C?ULSHR
  C:08B2H         PUBLIC        ?C?ULSHR
  -------         ENDMOD        ?C?ULSHR

  -------         MODULE        ?C?LLDPTR
  C:08C5H         PUBLIC        ?C?LLDPTR
  -------         ENDMOD        ?C?LLDPTR

  -------         MODULE        ?C?LLDOPTR
  C:08E5H         PUBLIC        ?C?LLDOPTR
  -------         ENDMOD        ?C?LLDOPTR
BL51 BANKED LINKER/LOCATER V6.22                                                      11/25/2020  20:13:27  PAGE 55



  -------         MODULE        ?C?LSTPTR
  C:0915H         PUBLIC        ?C?LSTPTR
  -------         ENDMOD        ?C?LSTPTR

  -------         MODULE        ?C?LSTOPTR
  C:092FH         PUBLIC        ?C?LSTOPTR
  -------         ENDMOD        ?C?LSTOPTR

  -------         MODULE        ?C?LLDOPTR0
  C:0953H         PUBLIC        ?C?LLDOPTR0
  -------         ENDMOD        ?C?LLDOPTR0

  -------         MODULE        ?C?LSTXDATA
  C:0983H         PUBLIC        ?C?LSTXDATA
  -------         ENDMOD        ?C?LSTXDATA

  -------         MODULE        ?C?LSTKXDATA
  C:098FH         PUBLIC        ?C?LSTKXDATA
  -------         ENDMOD        ?C?LSTKXDATA

  -------         MODULE        ?C?LSTKPTR
  C:09C0H         PUBLIC        ?C?LSTKPTR
  -------         ENDMOD        ?C?LSTKPTR

  -------         MODULE        ?C?LSTKOPTR
  C:09DAH         PUBLIC        ?C?LSTKOPTR
  -------         ENDMOD        ?C?LSTKOPTR

  -------         MODULE        ?C?PLDPTR
  C:09FEH         PUBLIC        ?C?PLDPTR
  -------         ENDMOD        ?C?PLDPTR

  -------         MODULE        ?C?PSTPTR
  C:0A1EH         PUBLIC        ?C?PSTPTR
  -------         ENDMOD        ?C?PSTPTR

  -------         MODULE        ?C?PLDOPTR
  C:0A6DH         PUBLIC        ?C?PLDOPTR
  -------         ENDMOD        ?C?PLDOPTR

  -------         MODULE        ?C?PSTOPTR
  C:0A9DH         PUBLIC        ?C?PSTOPTR
  -------         ENDMOD        ?C?PSTOPTR

  -------         MODULE        ?C?ICASE
  C:0AF6H         PUBLIC        ?C?ICASE
  -------         ENDMOD        ?C?ICASE

  -------         MODULE        ?C?ICALL
  C:0B23H         PUBLIC        ?C?ICALL
  C:0B27H         PUBLIC        ?C?ICALL2
  -------         ENDMOD        ?C?ICALL

  -------         MODULE        ?C?LLDIDATA
  C:0B29H         PUBLIC        ?C?LLDIDATA
  -------         ENDMOD        ?C?LLDIDATA
BL51 BANKED LINKER/LOCATER V6.22                                                      11/25/2020  20:13:27  PAGE 56



  -------         MODULE        ?C?LLDXDATA
  C:0B35H         PUBLIC        ?C?LLDXDATA
  -------         ENDMOD        ?C?LLDXDATA

  -------         MODULE        ?C?LLDPDATA
  C:0B41H         PUBLIC        ?C?LLDPDATA
  -------         ENDMOD        ?C?LLDPDATA

  -------         MODULE        ?C?LLDCODE
  C:0B4DH         PUBLIC        ?C?LLDCODE
  -------         ENDMOD        ?C?LLDCODE

  -------         MODULE        ?C?LLDIDATA0
  C:0B5DH         PUBLIC        ?C?LLDIDATA0
  -------         ENDMOD        ?C?LLDIDATA0

  -------         MODULE        ?C?LLDXDATA0
  C:0B6AH         PUBLIC        ?C?LLDXDATA0
  -------         ENDMOD        ?C?LLDXDATA0

  -------         MODULE        ?C?LLDPDATA0
  C:0B76H         PUBLIC        ?C?LLDPDATA0
  -------         ENDMOD        ?C?LLDPDATA0

  -------         MODULE        ?C?LLDCODE0
  C:0B83H         PUBLIC        ?C?LLDCODE0
  -------         ENDMOD        ?C?LLDCODE0

  -------         MODULE        ?C?LSTIDATA
  C:0B93H         PUBLIC        ?C?LSTIDATA
  -------         ENDMOD        ?C?LSTIDATA

  -------         MODULE        ?C?LSTPDATA
  C:0B9FH         PUBLIC        ?C?LSTPDATA
  -------         ENDMOD        ?C?LSTPDATA

  -------         MODULE        ?C?LSTKIDATA
  C:0BABH         PUBLIC        ?C?LSTKIDATA
  -------         ENDMOD        ?C?LSTKIDATA

  -------         MODULE        ?C?LSTKPDATA
  C:0BC4H         PUBLIC        ?C?LSTKPDATA
  -------         ENDMOD        ?C?LSTKPDATA

  -------         MODULE        ?C?PLDIDATA
  C:0BDDH         PUBLIC        ?C?PLDIDATA
  -------         ENDMOD        ?C?PLDIDATA

  -------         MODULE        ?C?PSTIDATA
  C:0BE6H         PUBLIC        ?C?PSTIDATA
  -------         ENDMOD        ?C?PSTIDATA

  -------         MODULE        ?C?PLDXDATA
  C:0BEFH         PUBLIC        ?C?PLDXDATA
  -------         ENDMOD        ?C?PLDXDATA

BL51 BANKED LINKER/LOCATER V6.22                                                      11/25/2020  20:13:27  PAGE 57


  -------         MODULE        ?C?PSTXDATA
  C:0BF8H         PUBLIC        ?C?PSTXDATA
  -------         ENDMOD        ?C?PSTXDATA

  -------         MODULE        ?C?PLDPDATA
  C:0C01H         PUBLIC        ?C?PLDPDATA
  -------         ENDMOD        ?C?PLDPDATA

  -------         MODULE        ?C?PSTPDATA
  C:0C0AH         PUBLIC        ?C?PSTPDATA
  -------         ENDMOD        ?C?PSTPDATA

  -------         MODULE        ?C?PLDCODE
  C:0C13H         PUBLIC        ?C?PLDCODE
  -------         ENDMOD        ?C?PLDCODE

*** WARNING L16: UNCALLED SEGMENT, IGNORED FOR OVERLAY PROCESS
    SEGMENT: ?PR?FUN_SHOWFUN?ADDPROCESSTASK

*** WARNING L16: UNCALLED SEGMENT, IGNORED FOR OVERLAY PROCESS
    SEGMENT: ?PR?_TWINKLE_SMG?INTERFACE

Program Size: data=9.5 xdata=1121 code=19578
LINK/LOCATE RUN COMPLETE.  2 WARNING(S),  0 ERROR(S)
